data/saved_data/run_2025_04_30_1348_prod_level_graph/firm_data.csv
Step,AgentID,FirmType,Profit,Inventory,ProductPrice,RevenuePerEmployee,ProductionLevel,NumEmployees,DemandReceived,InventoryDemandRatio,SellThroughRate,ProductionCapacity,Revenue,Costs,Markup,ProducedUnits,IncomeBracket,NumPeople,SpendRatio,PostTaxIncome,HouseholdExpense,HouseholdSavings,HealthLevel,Welfare,SkillLevel,SkillType,JobLevel,IsEmployed,Wage
5,21,necessity,-721532.6839681912,16454.0,846.3972241132124,0.0,0.1,117.0,0.0,,,8610.0,0.0,721532.6839681912,0.01,861.0,,,,,,,,,,,,0,
6,21,necessity,-1199426.1831222922,17315.0,1406.992385071455,0.0,0.1,118.0,0.0,,,8610.0,0.0,1199426.1831222922,0.01,861.0,,,,,,,,,,,,0,
7,21,necessity,-1468580.5569122771,18176.0,1722.7251576755805,0.0,0.1,119.0,0.0,,,8610.0,0.0,1468580.5569122771,0.01,861.0,,,,,,,,,,,,0,
8,21,necessity,-1821968.3144118434,19037.0,2137.2682873620133,0.0,0.1,120.0,0.0,,,8610.0,0.0,1821968.3144118434,0.01,861.0,,,,,,,,,,,,0,
9,21,necessity,-2081823.8322329253,19898.0,2442.0929943242295,0.0,0.1,121.0,0.0,,,8610.0,0.0,2081823.8322329253,0.01,861.0,,,,,,,,,,,,0,
10,21,necessity,-2366958.3136408245,20759.0,2776.571305459537,0.0,0.1,122.0,0.0,,,8610.0,0.0,2366958.3136408245,0.01,861.0,,,,,,,,,,,,0,
11,21,necessity,-2538482.6775553883,21620.0,2977.7787472162177,0.0,0.1,123.0,0.0,,,8610.0,0.0,2538482.6775553883,0.01,861.0,,,,,,,,,,,,0,
12,21,necessity,-2737055.1832109974,22481.0,3210.7151356938352,0.0,0.1,124.0,0.0,,,8610.0,0.0,2737055.1832109974,0.01,861.0,,,,,,,,,,,,0,
13,21,necessity,-3025280.674041548,23342.0,3548.819369608762,0.0,0.1,125.0,0.0,,,8610.0,0.0,3025280.674041548,0.01,861.0,,,,,,,,,,,,0,
14,21,necessity,-3237132.268363049,24203.0,3797.3328539481377,0.0,0.1,126.0,0.0,,,8610.0,0.0,3237132.268363049,0.01,861.0,,,,,,,,,,,,0,
15,21,necessity,-3556689.413710265,25064.0,4172.19082889103,0.0,0.1,127.0,0.0,,,8610.0,0.0,3556689.413710265,0.01,861.0,,,,,,,,,,,,0,
16,21,necessity,-3741805.067583666,25925.0,4389.3415956680155,0.0,0.1,128.0,0.0,,,8610.0,0.0,3741805.067583666,0.01,861.0,,,,,,,,,,,,0,
17,21,necessity,-4212459.457747024,26786.0,4941.44488662375,0.0,0.1,129.0,0.0,,,8610.0,0.0,4212459.457747024,0.01,861.0,,,,,,,,,,,,0,
18,21,necessity,-4391882.461934808,27647.0,5151.917864578674,0.0,0.1,130.0,0.0,,,8610.0,0.0,4391882.461934808,0.01,861.0,,,,,,,,,,,,0,
19,21,necessity,-4673182.862519946,28508.0,5481.898589620496,0.0,0.1,131.0,0.0,,,8610.0,0.0,4673182.862519946,0.01,861.0,,,,,,,,,,,,0,
20,21,necessity,-4841636.677937538,29369.0,5679.504110380267,0.0,0.1,132.0,0.0,,,8610.0,0.0,4841636.677937538,0.01,861.0,,,,,,,,,,,,0,
21,21,necessity,-5129725.206525111,30230.0,6017.4476801079145,0.0,0.1,133.0,0.0,,,8610.0,0.0,5129725.206525111,0.01,861.0,,,,,,,,,,,,0,
22,21,necessity,-5292919.155796122,31091.0,6208.883090760976,0.0,0.1,134.0,0.0,,,8610.0,0.0,5292919.155796122,0.01,861.0,,,,,,,,,,,,0,
23,21,necessity,-5471460.567247511,31952.0,6418.3219123131985,0.0,0.1,135.0,0.0,,,8610.0,0.0,5471460.567247511,0.01,861.0,,,,,,,,,,,,0,
24,21,necessity,-5747860.677844976,32813.0,6742.554329710652,0.0,0.1,136.0,0.0,,,8610.0,0.0,5747860.677844976,0.01,861.0,,,,,,,,,,,,0,
25,21,necessity,-5943368.800549925,33674.0,6971.896029713738,0.0,0.1,137.0,0.0,,,8610.0,0.0,5943368.800549925,0.01,861.0,,,,,,,,,,,,0,
26,21,necessity,-6358417.578647233,34535.0,7458.770902409912,0.0,0.1,138.0,0.0,,,8610.0,0.0,6358417.578647233,0.01,861.0,,,,,,,,,,,,0,
27,21,necessity,-6506305.810875963,35396.0,7632.251871489513,0.0,0.1,139.0,0.0,,,8610.0,0.0,6506305.810875963,0.01,861.0,,,,,,,,,,,,0,
28,21,necessity,-6755712.768883008,36257.0,7924.819847441368,0.0,0.1,140.0,0.0,,,8610.0,0.0,6755712.768883008,0.01,861.0,,,,,,,,,,,,0,
29,21,necessity,-6912410.612895206,37118.0,8108.63497202732,0.0,0.1,141.0,0.0,,,8610.0,0.0,6912410.612895206,0.01,861.0,,,,,,,,,,,,0,
30,21,necessity,-7171536.552401767,37979.0,8412.603843801604,0.0,0.1,142.0,0.0,,,8610.0,0.0,7171536.552401767,0.01,861.0,,,,,,,,,,,,0,
31,21,necessity,-7317103.73354405,38840.0,8583.36209325915,0.0,0.1,143.0,0.0,,,8610.0,0.0,7317103.73354405,0.01,861.0,,,,,,,,,,,,0,
32,21,necessity,-7462838.391025723,39701.0,8754.316801604718,0.0,0.1,144.0,0.0,,,8610.0,0.0,7462838.391025723,0.01,861.0,,,,,,,,,,,,0,
33,21,necessity,-7693127.486430943,40562.0,9024.458481150747,0.0,0.1,145.0,0.0,,,8610.0,0.0,7693127.486430943,0.01,861.0,,,,,,,,,,,,0,
34,21,necessity,-7843988.335371522,41423.0,9201.426491897573,0.0,0.1,146.0,0.0,,,8610.0,0.0,7843988.335371522,0.01,861.0,,,,,,,,,,,,0,
35,21,necessity,-8078688.966296623,42284.0,9476.74314341794,0.0,0.1,147.0,0.0,,,8610.0,0.0,8078688.966296623,0.01,861.0,,,,,,,,,,,,0,
5,22,necessity,-753153.3255241851,12852.4,1115.3736915895208,0.0,0.1,55.0,0.0,,,6824.0,0.0,753153.3255241851,0.01,682.0,,,,,,,,,,,,0,
6,22,necessity,-1205724.6084908103,13534.4,1785.6038897215756,0.0,0.1,56.0,0.0,,,6824.0,0.0,1205724.6084908103,0.01,682.0,,,,,,,,,,,,0,
7,22,necessity,-1376692.0821167252,14216.4,2038.7961890016074,0.0,0.1,57.0,0.0,,,6824.0,0.0,1376692.0821167252,0.01,682.0,,,,,,,,,,,,0,
8,22,necessity,-1723500.1944422107,14898.4,2552.3976449182333,0.0,0.1,58.0,0.0,,,6824.0,0.0,1723500.1944422107,0.01,682.0,,,,,,,,,,,,0,
9,22,necessity,-1900975.7621915196,15580.4,2815.2280307891597,0.0,0.1,59.0,0.0,,,6824.0,0.0,1900975.7621915196,0.01,682.0,,,,,,,,,,,,0,
10,22,necessity,-2187701.4156875284,16262.4,3239.85106540257,0.0,0.1,60.0,0.0,,,6824.0,0.0,2187701.4156875284,0.01,682.0,,,,,,,,,,,,0,
11,22,necessity,-2374448.9451298625,16944.4,3516.412655520159,0.0,0.1,61.0,0.0,,,6824.0,0.0,2374448.9451298625,0.01,682.0,,,,,,,,,,,,0,
12,22,necessity,-2543201.839505597,17626.4,3766.325299317196,0.0,0.1,62.0,0.0,,,6824.0,0.0,2543201.839505597,0.01,682.0,,,,,,,,,,,,0,
13,22,necessity,-2810391.0696558054,18308.4,4162.016094120744,0.0,0.1,63.0,0.0,,,6824.0,0.0,2810391.0696558054,0.01,682.0,,,,,,,,,,,,0,
14,22,necessity,-2996027.7893715124,18990.4,4436.932643443248,0.0,0.1,64.0,0.0,,,6824.0,0.0,2996027.7893715124,0.01,682.0,,,,,,,,,,,,0,
15,22,necessity,-3305137.017865141,19672.4,4894.704374118897,0.0,0.1,65.0,0.0,,,6824.0,0.0,3305137.017865141,0.01,682.0,,,,,,,,,,,,0,
16,22,necessity,-3519377.0796305323,20354.4,5211.980711458734,0.0,0.1,66.0,0.0,,,6824.0,0.0,3519377.0796305323,0.01,682.0,,,,,,,,,,,,0,
17,22,necessity,-3970323.8180606375,21036.4,5879.805059180995,0.0,0.1,67.0,0.0,,,6824.0,0.0,3970323.8180606375,0.01,682.0,,,,,,,,,,,,0,
18,22,necessity,-4135607.959579744,21718.4,6124.580693623109,0.0,0.1,68.0,0.0,,,6824.0,0.0,4135607.959579744,0.01,682.0,,,,,,,,,,,,0,
19,22,necessity,-4493255.060992878,22400.4,6654.234024851279,0.0,0.1,69.0,0.0,,,6824.0,0.0,4493255.060992878,0.01,682.0,,,,,,,,,,,,0,
20,22,necessity,-4669815.227405905,23082.4,6915.7087577188495,0.0,0.1,70.0,0.0,,,6824.0,0.0,4669815.227405905,0.01,682.0,,,,,,,,,,,,0,
21,22,necessity,-4996627.187071538,23764.4,7399.697143024276,0.0,0.1,71.0,0.0,,,6824.0,0.0,4996627.187071538,0.01,682.0,,,,,,,,,,,,0,
22,22,necessity,-5232945.166480565,24446.4,7749.669516709239,0.0,0.1,72.0,0.0,,,6824.0,0.0,5232945.166480565,0.01,682.0,,,,,,,,,,,,0,
23,22,necessity,-5422219.86630235,25128.4,8029.973690521113,0.0,0.1,73.0,0.0,,,6824.0,0.0,5422219.86630235,0.01,682.0,,,,,,,,,,,,0,
24,22,necessity,-5770176.185690175,25810.4,8545.275570383872,0.0,0.1,74.0,0.0,,,6824.0,0.0,5770176.185690175,0.01,682.0,,,,,,,,,,,,0,
25,22,necessity,-5926762.430076361,26492.4,8777.170154838643,0.0,0.1,75.0,0.0,,,6824.0,0.0,5926762.430076361,0.01,682.0,,,,,,,,,,,,0,
26,22,necessity,-6382190.008105614,27174.4,9451.630350051379,0.0,0.1,76.0,0.0,,,6824.0,0.0,6382190.008105614,0.01,682.0,,,,,,,,,,,,0,
27,22,necessity,-6551149.26745479,27856.4,9701.84860766494,0.0,0.1,77.0,0.0,,,6824.0,0.0,6551149.26745479,0.01,682.0,,,,,,,,,,,,0,
28,22,necessity,-6839432.288204438,28538.4,10128.77800726936,0.0,0.1,78.0,0.0,,,6824.0,0.0,6839432.288204438,0.01,682.0,,,,,,,,,,,,0,
29,22,necessity,-7077622.024323189,29220.4,10481.522337367885,0.0,0.1,79.0,0.0,,,6824.0,0.0,7077622.024323189,0.01,682.0,,,,,,,,,,,,0,
30,22,necessity,-7317292.712648711,29902.4,10836.459866479088,0.0,0.1,80.0,0.0,,,6824.0,0.0,7317292.712648711,0.01,682.0,,,,,,,,,,,,0,
31,22,necessity,-7490009.499377855,30584.4,11092.242790732244,0.0,0.1,81.0,0.0,,,6824.0,0.0,7490009.499377855,0.01,682.0,,,,,,,,,,,,0,
32,22,necessity,-7683504.318782853,31266.4,11378.796701747631,0.0,0.1,82.0,0.0,,,6824.0,0.0,7683504.318782853,0.01,682.0,,,,,,,,,,,,0,
33,22,necessity,-7952433.155935876,31948.4,11777.063747387348,0.0,0.1,83.0,0.0,,,6824.0,0.0,7952433.155935876,0.01,682.0,,,,,,,,,,,,0,
34,22,necessity,-8112313.147020053,32630.4,12013.836167853984,0.0,0.1,84.0,0.0,,,6824.0,0.0,8112313.147020053,0.01,682.0,,,,,,,,,,,,0,
35,22,necessity,-8344911.416462963,33312.4,12358.299880160255,0.0,0.1,85.0,0.0,,,6824.0,0.0,8344911.416462963,0.01,682.0,,,,,,,,,,,,0,
5,24,necessity,-847952.2385531286,16143.6,1054.7189161132276,0.0,0.1,109.0,0.0,,,8116.0,0.0,847952.2385531286,0.01,812.0,,,,,,,,,,,,0,
6,24,necessity,-1309564.623637137,16955.6,1628.8919559662766,0.0,0.1,110.0,0.0,,,8116.0,0.0,1309564.623637137,0.01,812.0,,,,,,,,,,,,0,
7,24,necessity,-1488934.8410540787,17767.6,1852.0002310500236,0.0,0.1,111.0,0.0,,,8116.0,0.0,1488934.8410540787,0.01,812.0,,,,,,,,,,,,0,
8,24,necessity,-1805397.6134838336,18579.6,2245.630033710643,0.0,0.1,112.0,0.0,,,8116.0,0.0,1805397.6134838336,0.01,812.0,,,,,,,,,,,,0,
9,24,necessity,-2059197.850197859,19391.6,2561.317519875025,0.0,0.1,113.0,0.0,,,8116.0,0.0,2059197.850197859,0.01,812.0,,,,,,,,,,,,0,
10,24,necessity,-2400136.897681263,20203.6,2985.3919503358175,0.0,0.1,114.0,0.0,,,8116.0,0.0,2400136.897681263,0.01,812.0,,,,,,,,,,,,0,
11,24,necessity,-2600975.796727513,21015.6,3235.2038811078623,0.0,0.1,115.0,0.0,,,8116.0,0.0,2600975.796727513,0.01,812.0,,,,,,,,,,,,0,
12,24,necessity,-2774747.0615680236,21827.6,3451.347941788616,0.0,0.1,116.0,0.0,,,8116.0,0.0,2774747.0615680236,0.01,812.0,,,,,,,,,,,,0,
13,24,necessity,-3115819.1555776326,22639.6,3875.587861154952,0.0,0.1,117.0,0.0,,,8116.0,0.0,3115819.1555776326,0.01,812.0,,,,,,,,,,,,0,
14,24,necessity,-3331521.6581545835,23451.6,4143.887771665322,0.0,0.1,118.0,0.0,,,8116.0,0.0,3331521.6581545835,0.01,812.0,,,,,,,,,,,,0,
15,24,necessity,-3660358.860295468,24263.6,4552.909414218612,0.0,0.1,119.0,0.0,,,8116.0,0.0,3660358.860295468,0.01,812.0,,,,,,,,,,,,0,
16,24,necessity,-3839635.1715719462,25075.6,4775.900884866705,0.0,0.1,120.0,0.0,,,8116.0,0.0,3839635.1715719462,0.01,812.0,,,,,,,,,,,,0,
17,24,necessity,-4319107.51548192,25887.6,5372.288898108929,0.0,0.1,121.0,0.0,,,8116.0,0.0,4319107.51548192,0.01,812.0,,,,,,,,,,,,0,
18,24,necessity,-4500281.962829664,26699.6,5597.641350813202,0.0,0.1,122.0,0.0,,,8116.0,0.0,4500281.962829664,0.01,812.0,,,,,,,,,,,,0,
19,24,necessity,-4775188.1603842415,27511.6,5939.581325182885,0.0,0.1,123.0,0.0,,,8116.0,0.0,4775188.1603842415,0.01,812.0,,,,,,,,,,,,0,
20,24,necessity,-4941477.253337479,28323.6,6146.418743502999,0.0,0.1,124.0,0.0,,,8116.0,0.0,4941477.253337479,0.01,812.0,,,,,,,,,,,,0,
21,24,necessity,-5221923.14219647,29135.6,6495.249220595056,0.0,0.1,125.0,0.0,,,8116.0,0.0,5221923.14219647,0.01,812.0,,,,,,,,,,,,0,
22,24,necessity,-5437563.6080471855,29947.6,6763.4719671972725,0.0,0.1,126.0,0.0,,,8116.0,0.0,5437563.6080471855,0.01,812.0,,,,,,,,,,,,0,
23,24,necessity,-5687528.833620085,30759.6,7074.389304041745,0.0,0.1,127.0,0.0,,,8116.0,0.0,5687528.833620085,0.01,812.0,,,,,,,,,,,,0,
24,24,necessity,-5986469.200717026,31571.6,7446.223996647749,0.0,0.1,128.0,0.0,,,8116.0,0.0,5986469.200717026,0.01,812.0,,,,,,,,,,,,0,
25,24,necessity,-6192207.218449645,32383.6,7702.129658783266,0.0,0.1,129.0,0.0,,,8116.0,0.0,6192207.218449645,0.01,812.0,,,,,,,,,,,,0,
26,24,necessity,-6770698.692199332,33195.6,8421.68186046754,0.0,0.1,130.0,0.0,,,8116.0,0.0,6770698.692199332,0.01,812.0,,,,,,,,,,,,0,
27,24,necessity,-6933544.814182292,34007.6,8624.236765640244,0.0,0.1,131.0,0.0,,,8116.0,0.0,6933544.814182292,0.01,812.0,,,,,,,,,,,,0,
28,24,necessity,-7184039.878181329,34819.6,8935.813137964691,0.0,0.1,132.0,0.0,,,8116.0,0.0,7184039.878181329,0.01,812.0,,,,,,,,,,,,0,
29,24,necessity,-7375516.583635251,35631.6,9173.97997573599,0.0,0.1,133.0,0.0,,,8116.0,0.0,7375516.583635251,0.01,812.0,,,,,,,,,,,,0,
30,24,necessity,-7644418.85434763,36443.6,9508.452011554993,0.0,0.1,134.0,0.0,,,8116.0,0.0,7644418.85434763,0.01,812.0,,,,,,,,,,,,0,
31,24,necessity,-7807542.795425037,37255.6,9711.35247988662,0.0,0.1,135.0,0.0,,,8116.0,0.0,7807542.795425037,0.01,812.0,,,,,,,,,,,,0,
32,24,necessity,-7980276.584406419,38067.6,9926.206084143198,0.0,0.1,136.0,0.0,,,8116.0,0.0,7980276.584406419,0.01,812.0,,,,,,,,,,,,0,
33,24,necessity,-8227268.0159718655,38879.6,10233.424490022366,0.0,0.1,137.0,0.0,,,8116.0,0.0,8227268.0159718655,0.01,812.0,,,,,,,,,,,,0,
34,24,necessity,-8372167.724069911,39691.6,10413.656885341075,0.0,0.1,138.0,0.0,,,8116.0,0.0,8372167.724069911,0.01,812.0,,,,,,,,,,,,0,
35,24,necessity,-8669503.647321118,40503.6,10783.495902722701,0.0,0.1,139.0,0.0,,,8116.0,0.0,8669503.647321118,0.01,812.0,,,,,,,,,,,,0,
5,25,necessity,-617433.0571104493,14942.9,783.4263654499088,0.0,0.1,118.0,0.0,,,7959.0,0.0,617433.0571104493,0.01,796.0,,,,,,,,,,,,0,
6,25,necessity,-1044560.2590672815,15738.9,1325.3842466489575,0.0,0.1,119.0,0.0,,,7959.0,0.0,1044560.2590672815,0.01,796.0,,,,,,,,,,,,0,
7,25,necessity,-1217209.6802546338,16534.9,1544.449466724536,0.0,0.1,120.0,0.0,,,7959.0,0.0,1217209.6802546338,0.01,796.0,,,,,,,,,,,,0,
8,25,necessity,-1485893.7599535102,17330.9,1885.3677081252233,0.0,0.1,121.0,0.0,,,7959.0,0.0,1485893.7599535102,0.01,796.0,,,,,,,,,,,,0,
9,25,necessity,-1682040.1144923076,18126.9,2134.24687626003,0.0,0.1,122.0,0.0,,,7959.0,0.0,1682040.1144923076,0.01,796.0,,,,,,,,,,,,0,
10,25,necessity,-1932591.2738558303,18922.9,2452.157266510341,0.0,0.1,123.0,0.0,,,7959.0,0.0,1932591.2738558303,0.01,796.0,,,,,,,,,,,,0,
11,25,necessity,-2150222.4915179526,19718.9,2728.2973790261744,0.0,0.1,124.0,0.0,,,7959.0,0.0,2150222.4915179526,0.01,796.0,,,,,,,,,,,,0,
12,25,necessity,-2312150.363418129,20514.9,2933.758623264512,0.0,0.1,125.0,0.0,,,7959.0,0.0,2312150.363418129,0.01,796.0,,,,,,,,,,,,0,
13,25,necessity,-2621962.036493045,21310.9,3326.8613737828064,0.0,0.1,126.0,0.0,,,7959.0,0.0,2621962.036493045,0.01,796.0,,,,,,,,,,,,0,
14,25,necessity,-2790180.506790561,22106.9,3540.3044074348777,0.0,0.1,127.0,0.0,,,7959.0,0.0,2790180.506790561,0.01,796.0,,,,,,,,,,,,0,
15,25,necessity,-3123015.109130551,22902.9,3962.6196686673834,0.0,0.1,128.0,0.0,,,7959.0,0.0,3123015.109130551,0.01,796.0,,,,,,,,,,,,0,
16,25,necessity,-3268806.6044664956,23698.9,4147.606364778334,0.0,0.1,129.0,0.0,,,7959.0,0.0,3268806.6044664956,0.01,796.0,,,,,,,,,,,,0,
17,25,necessity,-3761239.097635927,24494.9,4772.4264872360045,0.0,0.1,130.0,0.0,,,7959.0,0.0,3761239.097635927,0.01,796.0,,,,,,,,,,,,0,
18,25,necessity,-3915212.3747142386,25290.9,4967.794589816063,0.0,0.1,131.0,0.0,,,7959.0,0.0,3915212.3747142386,0.01,796.0,,,,,,,,,,,,0,
19,25,necessity,-4204581.226099169,26086.9,5334.958584202514,0.0,0.1,132.0,0.0,,,7959.0,0.0,4204581.226099169,0.01,796.0,,,,,,,,,,,,0,
20,25,necessity,-4353334.871413768,26882.9,5523.703787191209,0.0,0.1,133.0,0.0,,,7959.0,0.0,4353334.871413768,0.01,796.0,,,,,,,,,,,,0,
21,25,necessity,-4603255.415938152,27678.9,5840.81402544814,0.0,0.1,134.0,0.0,,,7959.0,0.0,4603255.415938152,0.01,796.0,,,,,,,,,,,,0,
22,25,necessity,-4756007.4493669225,28474.9,6034.632560082863,0.0,0.1,135.0,0.0,,,7959.0,0.0,4756007.4493669225,0.01,796.0,,,,,,,,,,,,0,
23,25,necessity,-4931570.622718059,29270.9,6257.394877748549,0.0,0.1,136.0,0.0,,,7959.0,0.0,4931570.622718059,0.01,796.0,,,,,,,,,,,,0,
24,25,necessity,-5198652.863098556,30066.9,6596.280634589524,0.0,0.1,137.0,0.0,,,7959.0,0.0,5198652.863098556,0.01,796.0,,,,,,,,,,,,0,
25,25,necessity,-5362142.235635778,30862.9,6803.72317988494,0.0,0.1,138.0,0.0,,,7959.0,0.0,5362142.235635778,0.01,796.0,,,,,,,,,,,,0,
26,25,necessity,-5864061.014901129,31658.9,7440.57992162005,0.0,0.1,139.0,0.0,,,7959.0,0.0,5864061.014901129,0.01,796.0,,,,,,,,,,,,0,
27,25,necessity,-6037922.283320444,32454.9,7661.182787050836,0.0,0.1,140.0,0.0,,,7959.0,0.0,6037922.283320444,0.01,796.0,,,,,,,,,,,,0,
28,25,necessity,-6303289.7310540825,33250.9,7997.892739154185,0.0,0.1,141.0,0.0,,,7959.0,0.0,6303289.7310540825,0.01,796.0,,,,,,,,,,,,0,
29,25,necessity,-6456051.862279405,34046.9,8191.724086319692,0.0,0.1,142.0,0.0,,,7959.0,0.0,6456051.862279405,0.01,796.0,,,,,,,,,,,,0,
30,25,necessity,-6673222.440493522,34842.9,8467.279719134645,0.0,0.1,143.0,0.0,,,7959.0,0.0,6673222.440493522,0.01,796.0,,,,,,,,,,,,0,
31,25,necessity,-6825541.654394378,35638.9,8660.549073213282,0.0,0.1,144.0,0.0,,,7959.0,0.0,6825541.654394378,0.01,796.0,,,,,,,,,,,,0,
32,25,necessity,-6998937.532442326,36434.9,8880.561430761543,0.0,0.1,145.0,0.0,,,7959.0,0.0,6998937.532442326,0.01,796.0,,,,,,,,,,,,0,
33,25,necessity,-7211423.931739196,37230.9,9150.173570234188,0.0,0.1,146.0,0.0,,,7959.0,0.0,7211423.931739196,0.01,796.0,,,,,,,,,,,,0,
34,25,necessity,-7358172.599737958,38026.9,9336.37476934543,0.0,0.1,147.0,0.0,,,7959.0,0.0,7358172.599737958,0.01,796.0,,,,,,,,,,,,0,
35,25,necessity,-7587445.149138735,38822.9,9627.285918345273,0.0,0.1,148.0,0.0,,,7959.0,0.0,7587445.149138735,0.01,796.0,,,,,,,,,,,,0,
