data/saved_data/run_2025_04_30_1348_prod_level_graph/firm_data.csv
Step,AgentID,FirmType,Profit,Inventory,ProductPrice,RevenuePerEmployee,ProductionLevel,NumEmployees,DemandReceived,InventoryDemandRatio,SellThroughRate,ProductionCapacity,Revenue,Costs,Markup,ProducedUnits,IncomeBracket,NumPeople,SpendRatio,PostTaxIncome,HouseholdExpense,HouseholdSavings,HealthLevel,Welfare,SkillLevel,SkillType,JobLevel,IsEmployed,Wage
5,38,necessity,-649159.8848140744,8243.8,1716.3651359839007,0.0,0.1,53.0,0.0,,,3818.0,0.0,649159.8848140744,0.01,382.0,,,,,,,,,,,,0,
6,38,necessity,-897219.9652773355,8625.8,2372.2307920363296,0.0,0.1,54.0,0.0,,,3818.0,0.0,897219.9652773355,0.01,382.0,,,,,,,,,,,,0,
7,38,necessity,-1274138.344723922,9007.8,3368.7950911056705,0.0,0.1,55.0,0.0,,,3818.0,0.0,1274138.344723922,0.01,382.0,,,,,,,,,,,,0,
8,38,necessity,-1431644.553634565,9389.8,3785.2382078158967,0.0,0.1,56.0,0.0,,,3818.0,0.0,1431644.553634565,0.01,382.0,,,,,,,,,,,,0,
9,38,necessity,-1681347.226054929,9771.8,4445.446842591706,0.0,0.1,57.0,0.0,,,3818.0,0.0,1681347.226054929,0.01,382.0,,,,,,,,,,,,0,
10,38,necessity,-1878631.0144161514,10153.8,4967.061046055634,0.0,0.1,58.0,0.0,,,3818.0,0.0,1878631.0144161514,0.01,382.0,,,,,,,,,,,,0,
11,38,necessity,-2102038.300889465,10535.8,5557.745231258153,0.0,0.1,59.0,0.0,,,3818.0,0.0,2102038.300889465,0.01,382.0,,,,,,,,,,,,0,
12,38,necessity,-2328639.480300679,10917.8,6156.874002478565,0.0,0.1,60.0,0.0,,,3818.0,0.0,2328639.480300679,0.01,382.0,,,,,,,,,,,,0,
13,38,necessity,-2469155.050774851,11299.8,6528.394227105249,0.0,0.1,61.0,0.0,,,3818.0,0.0,2469155.050774851,0.01,382.0,,,,,,,,,,,,0,
14,38,necessity,-2714942.102573805,11681.8,7178.250042987678,0.0,0.1,62.0,0.0,,,3818.0,0.0,2714942.102573805,0.01,382.0,,,,,,,,,,,,0,
15,38,necessity,-2868499.588587555,12063.8,7584.252819081617,0.0,0.1,63.0,0.0,,,3818.0,0.0,2868499.588587555,0.01,382.0,,,,,,,,,,,,0,
16,38,necessity,-3130486.9379984047,12445.8,8276.94188246452,0.0,0.1,64.0,0.0,,,3818.0,0.0,3130486.9379984047,0.01,382.0,,,,,,,,,,,,0,
17,38,necessity,-3503524.6358791185,12827.8,9263.245740771372,0.0,0.1,65.0,0.0,,,3818.0,0.0,3503524.6358791185,0.01,382.0,,,,,,,,,,,,0,
18,38,necessity,-3664310.3077537105,13209.8,9688.359688855728,0.0,0.1,66.0,0.0,,,3818.0,0.0,3664310.3077537105,0.01,382.0,,,,,,,,,,,,0,
19,38,necessity,-3884235.124483127,13591.8,10269.83629701079,0.0,0.1,67.0,0.0,,,3818.0,0.0,3884235.124483127,0.01,382.0,,,,,,,,,,,,0,
20,38,necessity,-4037345.0702668265,13973.8,10674.655786112144,0.0,0.1,68.0,0.0,,,3818.0,0.0,4037345.0702668265,0.01,382.0,,,,,,,,,,,,0,
21,38,necessity,-4252832.1079851305,14355.8,11244.398999530322,0.0,0.1,69.0,0.0,,,3818.0,0.0,4252832.1079851305,0.01,382.0,,,,,,,,,,,,0,
22,38,necessity,-4398514.918086404,14737.8,11629.581297480856,0.0,0.1,70.0,0.0,,,3818.0,0.0,4398514.918086404,0.01,382.0,,,,,,,,,,,,0,
23,38,necessity,-4590362.306442052,15119.8,12136.82177321898,0.0,0.1,71.0,0.0,,,3818.0,0.0,4590362.306442052,0.01,382.0,,,,,,,,,,,,0,
24,38,necessity,-4866031.8698123535,15501.8,12865.686323677462,0.0,0.1,72.0,0.0,,,3818.0,0.0,4866031.8698123535,0.01,382.0,,,,,,,,,,,,0,
25,38,necessity,-4995358.619415981,15883.8,13207.623540320725,0.0,0.1,73.0,0.0,,,3818.0,0.0,4995358.619415981,0.01,382.0,,,,,,,,,,,,0,
26,38,necessity,-5197521.359621206,16265.8,13742.137590249427,0.0,0.1,74.0,0.0,,,3818.0,0.0,5197521.359621206,0.01,382.0,,,,,,,,,,,,0,
27,38,necessity,-5320768.531091694,16647.8,14068.000529671755,0.0,0.1,75.0,0.0,,,3818.0,0.0,5320768.531091694,0.01,382.0,,,,,,,,,,,,0,
28,38,necessity,-5681862.112215762,17029.8,15022.724393495277,0.0,0.1,76.0,0.0,,,3818.0,0.0,5681862.112215762,0.01,382.0,,,,,,,,,,,,0,
29,38,necessity,-5878129.727883792,17411.8,15541.651857646539,0.0,0.1,77.0,0.0,,,3818.0,0.0,5878129.727883792,0.01,382.0,,,,,,,,,,,,0,
30,38,necessity,-6006376.682605031,17793.8,15880.734119241746,0.0,0.1,78.0,0.0,,,3818.0,0.0,6006376.682605031,0.01,382.0,,,,,,,,,,,,0,
31,38,necessity,-6199688.518038902,18175.8,16391.84656237551,0.0,0.1,79.0,0.0,,,3818.0,0.0,6199688.518038902,0.01,382.0,,,,,,,,,,,,0,
32,38,necessity,-6321201.230375126,18557.8,16713.123628182602,0.0,0.1,80.0,0.0,,,3818.0,0.0,6321201.230375126,0.01,382.0,,,,,,,,,,,,0,
33,38,necessity,-6445790.973913746,18939.8,17042.536300027088,0.0,0.1,81.0,0.0,,,3818.0,0.0,6445790.973913746,0.01,382.0,,,,,,,,,,,,0,
34,38,necessity,-6676771.92787451,19321.8,17653.24510340317,0.0,0.1,82.0,0.0,,,3818.0,0.0,6676771.92787451,0.01,382.0,,,,,,,,,,,,0,
35,38,necessity,-6806217.8810545225,19703.8,17995.49749180516,0.0,0.1,83.0,0.0,,,3818.0,0.0,6806217.8810545225,0.01,382.0,,,,,,,,,,,,0,
5,39,necessity,-512915.40551332146,8099.2,1128.6373822218243,0.0,0.1,36.0,0.0,,,4592.0,0.0,512915.40551332146,0.01,459.0,,,,,,,,,,,,0,
6,39,necessity,-743863.6788866181,8558.2,1636.824213591852,0.0,0.1,37.0,0.0,,,4592.0,0.0,743863.6788866181,0.01,459.0,,,,,,,,,,,,0,
7,39,necessity,-1092579.8759742484,9017.2,2404.151791568277,0.0,0.1,38.0,0.0,,,4592.0,0.0,1092579.8759742484,0.01,459.0,,,,,,,,,,,,0,
8,39,necessity,-1310231.7574236598,9476.2,2883.0807671346747,0.0,0.1,39.0,0.0,,,4592.0,0.0,1310231.7574236598,0.01,459.0,,,,,,,,,,,,0,
9,39,necessity,-1542107.5663158824,9935.2,3393.308580796803,0.0,0.1,40.0,0.0,,,4592.0,0.0,1542107.5663158824,0.01,459.0,,,,,,,,,,,,0,
10,39,necessity,-1714505.8654841026,10394.2,3772.6599572250193,0.0,0.1,41.0,0.0,,,4592.0,0.0,1714505.8654841026,0.01,459.0,,,,,,,,,,,,0,
11,39,necessity,-1951783.1893895247,10853.2,4294.773457491605,0.0,0.1,42.0,0.0,,,4592.0,0.0,1951783.1893895247,0.01,459.0,,,,,,,,,,,,0,
12,39,necessity,-2099780.154584893,11312.2,4620.431266906995,0.0,0.1,43.0,0.0,,,4592.0,0.0,2099780.154584893,0.01,459.0,,,,,,,,,,,,0,
13,39,necessity,-2233727.5060874023,11771.2,4915.173804429418,0.0,0.1,44.0,0.0,,,4592.0,0.0,2233727.5060874023,0.01,459.0,,,,,,,,,,,,0,
14,39,necessity,-2438230.69752542,12230.2,5365.1699327570905,0.0,0.1,45.0,0.0,,,4592.0,0.0,2438230.69752542,0.01,459.0,,,,,,,,,,,,0,
15,39,necessity,-2592313.9946530573,12689.2,5704.220324390779,0.0,0.1,46.0,0.0,,,4592.0,0.0,2592313.9946530573,0.01,459.0,,,,,,,,,,,,0,
16,39,necessity,-2795347.0703559956,13148.2,6150.981557535019,0.0,0.1,47.0,0.0,,,4592.0,0.0,2795347.0703559956,0.01,459.0,,,,,,,,,,,,0,
17,39,necessity,-3236963.0703559956,13607.2,7122.729180690253,0.0,0.1,48.0,0.0,,,4592.0,0.0,3236963.0703559956,0.01,459.0,,,,,,,,,,,,0,
18,39,necessity,-3368572.288110388,14066.2,7412.326805183367,0.0,0.1,49.0,0.0,,,4592.0,0.0,3368572.288110388,0.01,459.0,,,,,,,,,,,,0,
19,39,necessity,-3562789.6139640366,14525.2,7839.689547416095,0.0,0.1,50.0,0.0,,,4592.0,0.0,3562789.6139640366,0.01,459.0,,,,,,,,,,,,0,
20,39,necessity,-3695321.61847766,14984.2,8131.317704860827,0.0,0.1,51.0,0.0,,,4592.0,0.0,3695321.61847766,0.01,459.0,,,,,,,,,,,,0,
21,39,necessity,-3892490.253411748,15443.2,8565.174613029827,0.0,0.1,52.0,0.0,,,4592.0,0.0,3892490.253411748,0.01,459.0,,,,,,,,,,,,0,
22,39,necessity,-4014063.685213033,15902.2,8832.689135582734,0.0,0.1,53.0,0.0,,,4592.0,0.0,4014063.685213033,0.01,459.0,,,,,,,,,,,,0,
23,39,necessity,-4165195.3549226606,16361.2,9165.244660798786,0.0,0.1,54.0,0.0,,,4592.0,0.0,4165195.3549226606,0.01,459.0,,,,,,,,,,,,0,
24,39,necessity,-4354528.722844994,16820.2,9581.860567519789,0.0,0.1,55.0,0.0,,,4592.0,0.0,4354528.722844994,0.01,459.0,,,,,,,,,,,,0,
25,39,necessity,-4493201.4826195175,17279.2,9887.001062219415,0.0,0.1,56.0,0.0,,,4592.0,0.0,4493201.4826195175,0.01,459.0,,,,,,,,,,,,0,
26,39,necessity,-4720338.222090571,17738.2,10386.800858223696,0.0,0.1,57.0,0.0,,,4592.0,0.0,4720338.222090571,0.01,459.0,,,,,,,,,,,,0,
27,39,necessity,-4859344.81116134,18197.2,10692.675922832848,0.0,0.1,58.0,0.0,,,4592.0,0.0,4859344.81116134,0.01,459.0,,,,,,,,,,,,0,
28,39,necessity,-5175131.542259317,18656.2,11387.544327438705,0.0,0.1,59.0,0.0,,,4592.0,0.0,5175131.542259317,0.01,459.0,,,,,,,,,,,,0,
29,39,necessity,-5369975.318001574,19115.2,11816.285532386284,0.0,0.1,60.0,0.0,,,4592.0,0.0,5369975.318001574,0.01,459.0,,,,,,,,,,,,0,
30,39,necessity,-5491956.119518236,19574.2,12084.69644581421,0.0,0.1,61.0,0.0,,,4592.0,0.0,5491956.119518236,0.01,459.0,,,,,,,,,,,,0,
31,39,necessity,-5675694.350791545,20033.2,12489.000613966142,0.0,0.1,62.0,0.0,,,4592.0,0.0,5675694.350791545,0.01,459.0,,,,,,,,,,,,0,
32,39,necessity,-5791353.830301534,20492.2,12743.50186462102,0.0,0.1,63.0,0.0,,,4592.0,0.0,5791353.830301534,0.01,459.0,,,,,,,,,,,,0,
33,39,necessity,-5900059.545161672,20951.2,12982.701803116746,0.0,0.1,64.0,0.0,,,4592.0,0.0,5900059.545161672,0.01,459.0,,,,,,,,,,,,0,
34,39,necessity,-6106960.28679065,21410.2,13437.973586537219,0.0,0.1,65.0,0.0,,,4592.0,0.0,6106960.28679065,0.01,459.0,,,,,,,,,,,,0,
35,39,necessity,-6217639.414367201,21869.2,13681.515892874417,0.0,0.1,66.0,0.0,,,4592.0,0.0,6217639.414367201,0.01,459.0,,,,,,,,,,,,0,
5,40,necessity,-646975.0488616591,7333.6,1697.2592146831598,0.0,0.1,34.0,0.0,,,3846.0,0.0,646975.0488616591,0.01,385.0,,,,,,,,,,,,0,
6,40,necessity,-956498.9507797065,7718.6,2509.256981242199,0.0,0.1,35.0,0.0,,,3846.0,0.0,956498.9507797065,0.01,385.0,,,,,,,,,,,,0,
7,40,necessity,-1476274.9507797065,8103.6,3872.8251854926707,0.0,0.1,36.0,0.0,,,3846.0,0.0,1476274.9507797065,0.01,385.0,,,,,,,,,,,,0,
8,40,necessity,-1676473.2327505453,8488.6,4398.020677090987,0.0,0.1,37.0,0.0,,,3846.0,0.0,1676473.2327505453,0.01,385.0,,,,,,,,,,,,0,
9,40,necessity,-1931928.277383214,8873.6,5068.175467763301,0.0,0.1,38.0,0.0,,,3846.0,0.0,1931928.277383214,0.01,385.0,,,,,,,,,,,,0,
10,40,necessity,-2120565.0613192734,9258.6,5563.040795764741,0.0,0.1,39.0,0.0,,,3846.0,0.0,2120565.0613192734,0.01,385.0,,,,,,,,,,,,0,
11,40,necessity,-2389467.38562156,9643.6,6268.472865478708,0.0,0.1,40.0,0.0,,,3846.0,0.0,2389467.38562156,0.01,385.0,,,,,,,,,,,,0,
12,40,necessity,-2589627.457736093,10028.6,6793.568118233469,0.0,0.1,41.0,0.0,,,3846.0,0.0,2589627.457736093,0.01,385.0,,,,,,,,,,,,0,
13,40,necessity,-2781961.863833816,10413.6,7298.133701750702,0.0,0.1,42.0,0.0,,,3846.0,0.0,2781961.863833816,0.01,385.0,,,,,,,,,,,,0,
14,40,necessity,-3061298.1023648134,10798.6,8030.93785807149,0.0,0.1,43.0,0.0,,,3846.0,0.0,3061298.1023648134,0.01,385.0,,,,,,,,,,,,0,
15,40,necessity,-3230208.2695382256,11183.6,8474.052840933908,0.0,0.1,44.0,0.0,,,3846.0,0.0,3230208.2695382256,0.01,385.0,,,,,,,,,,,,0,
16,40,necessity,-3480408.815036438,11568.6,9130.423101445142,0.0,0.1,45.0,0.0,,,3846.0,0.0,3480408.815036438,0.01,385.0,,,,,,,,,,,,0,
17,40,necessity,-3877331.2140278877,11953.6,10171.700041549264,0.0,0.1,46.0,0.0,,,3846.0,0.0,3877331.2140278877,0.01,385.0,,,,,,,,,,,,0,
18,40,necessity,-4071850.781297784,12338.6,10681.998125788998,0.0,0.1,47.0,0.0,,,3846.0,0.0,4071850.781297784,0.01,385.0,,,,,,,,,,,,0,
19,40,necessity,-4348731.577589006,12723.6,11408.360732354638,0.0,0.1,48.0,0.0,,,3846.0,0.0,4348731.577589006,0.01,385.0,,,,,,,,,,,,0,
20,40,necessity,-4498505.791689609,13108.6,11801.27490339021,0.0,0.1,49.0,0.0,,,3846.0,0.0,4498505.791689609,0.01,385.0,,,,,,,,,,,,0,
21,40,necessity,-4750745.333315348,13493.6,12462.994218663656,0.0,0.1,50.0,0.0,,,3846.0,0.0,4750745.333315348,0.01,385.0,,,,,,,,,,,,0,
22,40,necessity,-4908073.794477418,13878.6,12875.726024796017,0.0,0.1,51.0,0.0,,,3846.0,0.0,4908073.794477418,0.01,385.0,,,,,,,,,,,,0,
23,40,necessity,-5065596.6699771695,14263.6,13288.967852955775,0.0,0.1,52.0,0.0,,,3846.0,0.0,5065596.6699771695,0.01,385.0,,,,,,,,,,,,0,
24,40,necessity,-5340859.160774656,14648.6,14011.085034730695,0.0,0.1,53.0,0.0,,,3846.0,0.0,5340859.160774656,0.01,385.0,,,,,,,,,,,,0,
25,40,necessity,-5496473.523088859,15033.6,14419.320114027085,0.0,0.1,54.0,0.0,,,3846.0,0.0,5496473.523088859,0.01,385.0,,,,,,,,,,,,0,
26,40,necessity,-5743813.029892689,15418.6,15068.184792528391,0.0,0.1,55.0,0.0,,,3846.0,0.0,5743813.029892689,0.01,385.0,,,,,,,,,,,,0,
27,40,necessity,-5878948.30254773,15803.6,15422.695506884445,0.0,0.1,56.0,0.0,,,3846.0,0.0,5878948.30254773,0.01,385.0,,,,,,,,,,,,0,
28,40,necessity,-6247071.385346387,16188.6,16388.420994315402,0.0,0.1,57.0,0.0,,,3846.0,0.0,6247071.385346387,0.01,385.0,,,,,,,,,,,,0,
29,40,necessity,-6482178.443535276,16573.6,17005.195353156967,0.0,0.1,58.0,0.0,,,3846.0,0.0,6482178.443535276,0.01,385.0,,,,,,,,,,,,0,
30,40,necessity,-6631624.315429257,16958.6,17397.24815892546,0.0,0.1,59.0,0.0,,,3846.0,0.0,6631624.315429257,0.01,385.0,,,,,,,,,,,,0,
31,40,necessity,-6839296.633193017,17343.6,17942.050861254276,0.0,0.1,60.0,0.0,,,3846.0,0.0,6839296.633193017,0.01,385.0,,,,,,,,,,,,0,
32,40,necessity,-6968871.65768024,17728.6,18281.97495058459,0.0,0.1,61.0,0.0,,,3846.0,0.0,6968871.65768024,0.01,385.0,,,,,,,,,,,,0,
33,40,necessity,-7099880.317525096,18113.6,18625.6600053888,0.0,0.1,62.0,0.0,,,3846.0,0.0,7099880.317525096,0.01,385.0,,,,,,,,,,,,0,
34,40,necessity,-7324969.674158287,18498.6,19216.154160217444,0.0,0.1,63.0,0.0,,,3846.0,0.0,7324969.674158287,0.01,385.0,,,,,,,,,,,,0,
35,40,necessity,-7447783.845237862,18883.6,19538.34198481013,0.0,0.1,64.0,0.0,,,3846.0,0.0,7447783.845237862,0.01,385.0,,,,,,,,,,,,0,
5,41,necessity,-614236.3348680652,10949.0,925.9383541653843,0.0,0.1,50.0,0.0,,,6700.0,0.0,614236.3348680652,0.01,670.0,,,,,,,,,,,,0,
6,41,necessity,-857628.6504848603,11619.0,1292.8431876072623,0.0,0.1,51.0,0.0,,,6700.0,0.0,857628.6504848603,0.01,670.0,,,,,,,,,,,,0,
7,41,necessity,-1289931.1181306513,12289.0,1944.5230259215446,0.0,0.1,52.0,0.0,,,6700.0,0.0,1289931.1181306513,0.01,670.0,,,,,,,,,,,,0,
8,41,necessity,-1446171.6404921012,12959.0,2180.0497831596604,0.0,0.1,53.0,0.0,,,6700.0,0.0,1446171.6404921012,0.01,670.0,,,,,,,,,,,,0,
9,41,necessity,-1749549.921653995,13629.0,2637.381221243513,0.0,0.1,54.0,0.0,,,6700.0,0.0,1749549.921653995,0.01,670.0,,,,,,,,,,,,0,
10,41,necessity,-1915068.2105792374,14299.0,2886.893865370352,0.0,0.1,55.0,0.0,,,6700.0,0.0,1915068.2105792374,0.01,670.0,,,,,,,,,,,,0,
11,41,necessity,-2187802.842824408,14969.0,3298.0311462009267,0.0,0.1,56.0,0.0,,,6700.0,0.0,2187802.842824408,0.01,670.0,,,,,,,,,,,,0,
12,41,necessity,-2363630.4481460787,15639.0,3563.0847000962012,0.0,0.1,57.0,0.0,,,6700.0,0.0,2363630.4481460787,0.01,670.0,,,,,,,,,,,,0,
13,41,necessity,-2519927.5469813743,16309.0,3798.6967442574496,0.0,0.1,58.0,0.0,,,6700.0,0.0,2519927.5469813743,0.01,670.0,,,,,,,,,,,,0,
14,41,necessity,-2758221.197939964,16979.0,4157.915530987236,0.0,0.1,59.0,0.0,,,6700.0,0.0,2758221.197939964,0.01,670.0,,,,,,,,,,,,0,
15,41,necessity,-2925416.589320618,17649.0,4409.956344483386,0.0,0.1,60.0,0.0,,,6700.0,0.0,2925416.589320618,0.01,670.0,,,,,,,,,,,,0,
16,41,necessity,-3228086.1267580837,18319.0,4866.219377849919,0.0,0.1,61.0,0.0,,,6700.0,0.0,3228086.1267580837,0.01,670.0,,,,,,,,,,,,0,
17,41,necessity,-3656592.4762653587,18989.0,5512.176709725128,0.0,0.1,62.0,0.0,,,6700.0,0.0,3656592.4762653587,0.01,670.0,,,,,,,,,,,,0,
18,41,necessity,-3811700.811337028,19659.0,5745.996736872241,0.0,0.1,63.0,0.0,,,6700.0,0.0,3811700.811337028,0.01,670.0,,,,,,,,,,,,0,
19,41,necessity,-4038927.022437919,20329.0,6088.5317710056215,0.0,0.1,64.0,0.0,,,6700.0,0.0,4038927.022437919,0.01,670.0,,,,,,,,,,,,0,
20,41,necessity,-4195156.548710292,20999.0,6324.041952049781,0.0,0.1,65.0,0.0,,,6700.0,0.0,4195156.548710292,0.01,670.0,,,,,,,,,,,,0,
21,41,necessity,-4427854.728174424,21669.0,6674.8257743005115,0.0,0.1,66.0,0.0,,,6700.0,0.0,4427854.728174424,0.01,670.0,,,,,,,,,,,,0,
22,41,necessity,-4576796.1996897245,22339.0,6899.349484757123,0.0,0.1,67.0,0.0,,,6700.0,0.0,4576796.1996897245,0.01,670.0,,,,,,,,,,,,0,
23,41,necessity,-4720278.754243378,23009.0,7115.644081597265,0.0,0.1,68.0,0.0,,,6700.0,0.0,4720278.754243378,0.01,670.0,,,,,,,,,,,,0,
24,41,necessity,-4992869.7628546655,23679.0,7526.564855159175,0.0,0.1,69.0,0.0,,,6700.0,0.0,4992869.7628546655,0.01,670.0,,,,,,,,,,,,0,
25,41,necessity,-5135268.313243694,24349.0,7741.225356171501,0.0,0.1,70.0,0.0,,,6700.0,0.0,5135268.313243694,0.01,670.0,,,,,,,,,,,,0,
26,41,necessity,-5360294.221404402,25019.0,8080.4435157283615,0.0,0.1,71.0,0.0,,,6700.0,0.0,5360294.221404402,0.01,670.0,,,,,,,,,,,,0,
27,41,necessity,-5497523.5889704935,25689.0,8287.311666526697,0.0,0.1,72.0,0.0,,,6700.0,0.0,5497523.5889704935,0.01,670.0,,,,,,,,,,,,0,
28,41,necessity,-5894106.987799139,26359.0,8885.146341480573,0.0,0.1,73.0,0.0,,,6700.0,0.0,5894106.987799139,0.01,670.0,,,,,,,,,,,,0,
29,41,necessity,-6104898.770711689,27029.0,9202.907088381939,0.0,0.1,74.0,0.0,,,6700.0,0.0,6104898.770711689,0.01,670.0,,,,,,,,,,,,0,
30,41,necessity,-6245295.4949453985,27699.0,9414.549911164631,0.0,0.1,75.0,0.0,,,6700.0,0.0,6245295.4949453985,0.01,670.0,,,,,,,,,,,,0,
31,41,necessity,-6458093.90171288,28369.0,9735.335568648765,0.0,0.1,76.0,0.0,,,6700.0,0.0,6458093.90171288,0.01,670.0,,,,,,,,,,,,0,
32,41,necessity,-6596384.989245036,29039.0,9943.804222677138,0.0,0.1,77.0,0.0,,,6700.0,0.0,6596384.989245036,0.01,670.0,,,,,,,,,,,,0,
33,41,necessity,-6725852.802515644,29709.0,10138.972120002729,0.0,0.1,78.0,0.0,,,6700.0,0.0,6725852.802515644,0.01,670.0,,,,,,,,,,,,0,
34,41,necessity,-6999461.785011597,30379.0,10551.427451209382,0.0,0.1,79.0,0.0,,,6700.0,0.0,6999461.785011597,0.01,670.0,,,,,,,,,,,,0,
35,41,necessity,-7136384.837212066,31049.0,10757.833843024408,0.0,0.1,80.0,0.0,,,6700.0,0.0,7136384.837212066,0.01,670.0,,,,,,,,,,,,0,
