data/saved_data/run_2025_04_30_1348_prod_level_graph/firm_data.csv
Step,AgentID,FirmType,Profit,Inventory,ProductPrice,RevenuePerEmployee,ProductionLevel,NumEmployees,DemandReceived,InventoryDemandRatio,SellThroughRate,ProductionCapacity,Revenue,Costs,Markup,ProducedUnits,IncomeBracket,NumPeople,SpendRatio,PostTaxIncome,HouseholdExpense,HouseholdSavings,HealthLevel,Welfare,SkillLevel,SkillType,JobLevel,IsEmployed,Wage
5,47,necessity,-639272.88806103,8175.2,1261.0656556261224,0.0,0.1,28.0,0.0,,,5122.0,0.0,639272.88806103,0.01,512.0,,,,,,,,,,,,0,
6,47,necessity,-907631.2858865022,8687.2,1790.4445253025835,0.0,0.1,29.0,0.0,,,5122.0,0.0,907631.2858865022,0.01,512.0,,,,,,,,,,,,0,
7,47,necessity,-1321849.0628050168,9199.2,2607.55381020608,0.0,0.1,30.0,0.0,,,5122.0,0.0,1321849.0628050168,0.01,512.0,,,,,,,,,,,,0,
8,47,necessity,-1475414.469588113,9711.2,2910.485569088884,0.0,0.1,31.0,0.0,,,5122.0,0.0,1475414.469588113,0.01,512.0,,,,,,,,,,,,0,
9,47,necessity,-1711565.09699742,10223.2,3376.329579279423,0.0,0.1,32.0,0.0,,,5122.0,0.0,1711565.09699742,0.01,512.0,,,,,,,,,,,,0,
10,47,necessity,-1880533.9767564838,10735.2,3709.6470953406283,0.0,0.1,33.0,0.0,,,5122.0,0.0,1880533.9767564838,0.01,512.0,,,,,,,,,,,,0,
11,47,necessity,-2140410.7512087994,11247.2,4222.294637692565,0.0,0.1,34.0,0.0,,,5122.0,0.0,2140410.7512087994,0.01,512.0,,,,,,,,,,,,0,
12,47,necessity,-2364411.154572643,11759.2,4664.170432527732,0.0,0.1,35.0,0.0,,,5122.0,0.0,2364411.154572643,0.01,512.0,,,,,,,,,,,,0,
13,47,necessity,-2572063.958342855,12271.2,5073.7980329150105,0.0,0.1,36.0,0.0,,,5122.0,0.0,2572063.958342855,0.01,512.0,,,,,,,,,,,,0,
14,47,necessity,-2820874.3033323777,12783.2,5564.615314064622,0.0,0.1,37.0,0.0,,,5122.0,0.0,2820874.3033323777,0.01,512.0,,,,,,,,,,,,0,
15,47,necessity,-2984904.6305268533,13295.2,5888.190763562366,0.0,0.1,38.0,0.0,,,5122.0,0.0,2984904.6305268533,0.01,512.0,,,,,,,,,,,,0,
16,47,necessity,-3223597.6369498633,13807.2,6359.050013594359,0.0,0.1,39.0,0.0,,,5122.0,0.0,3223597.6369498633,0.01,512.0,,,,,,,,,,,,0,
17,47,necessity,-3722557.6369498633,14319.2,7343.326574171944,0.0,0.1,40.0,0.0,,,5122.0,0.0,3722557.6369498633,0.01,512.0,,,,,,,,,,,,0,
18,47,necessity,-3870297.0796479676,14831.2,7634.76570861266,0.0,0.1,41.0,0.0,,,5122.0,0.0,3870297.0796479676,0.01,512.0,,,,,,,,,,,,0,
19,47,necessity,-4108351.674853232,15343.2,8104.365592768358,0.0,0.1,42.0,0.0,,,5122.0,0.0,4108351.674853232,0.01,512.0,,,,,,,,,,,,0,
20,47,necessity,-4249072.4448417025,15855.2,8381.95929864875,0.0,0.1,43.0,0.0,,,5122.0,0.0,4249072.4448417025,0.01,512.0,,,,,,,,,,,,0,
21,47,necessity,-4471983.8452950325,16367.2,8821.686865090422,0.0,0.1,44.0,0.0,,,5122.0,0.0,4471983.8452950325,0.01,512.0,,,,,,,,,,,,0,
22,47,necessity,-4649873.571720371,16879.2,9172.602145048773,0.0,0.1,45.0,0.0,,,5122.0,0.0,4649873.571720371,0.01,512.0,,,,,,,,,,,,0,
23,47,necessity,-4783030.736289721,17391.2,9435.27545745575,0.0,0.1,46.0,0.0,,,5122.0,0.0,4783030.736289721,0.01,512.0,,,,,,,,,,,,0,
24,47,necessity,-5033784.353007722,17903.2,9929.926145718502,0.0,0.1,47.0,0.0,,,5122.0,0.0,5033784.353007722,0.01,512.0,,,,,,,,,,,,0,
25,47,necessity,-5214602.124439665,18415.2,10286.617451948134,0.0,0.1,48.0,0.0,,,5122.0,0.0,5214602.124439665,0.01,512.0,,,,,,,,,,,,0,
26,47,necessity,-5522974.882519138,18927.2,10894.930899315232,0.0,0.1,49.0,0.0,,,5122.0,0.0,5522974.882519138,0.01,512.0,,,,,,,,,,,,0,
27,47,necessity,-5655511.055680934,19439.2,11156.379209143292,0.0,0.1,50.0,0.0,,,5122.0,0.0,5655511.055680934,0.01,512.0,,,,,,,,,,,,0,
28,47,necessity,-6032883.442565677,19951.2,11900.805205254937,0.0,0.1,51.0,0.0,,,5122.0,0.0,6032883.442565677,0.01,512.0,,,,,,,,,,,,0,
29,47,necessity,-6251908.990945167,20463.2,12332.867321331547,0.0,0.1,52.0,0.0,,,5122.0,0.0,6251908.990945167,0.01,512.0,,,,,,,,,,,,0,
30,47,necessity,-6379618.903853841,20975.2,12584.795078725752,0.0,0.1,53.0,0.0,,,5122.0,0.0,6379618.903853841,0.01,512.0,,,,,,,,,,,,0,
31,47,necessity,-6590293.302768287,21487.2,13000.383247647631,0.0,0.1,54.0,0.0,,,5122.0,0.0,6590293.302768287,0.01,512.0,,,,,,,,,,,,0,
32,47,necessity,-6729165.184976051,21999.2,13274.329733498987,0.0,0.1,55.0,0.0,,,5122.0,0.0,6729165.184976051,0.01,512.0,,,,,,,,,,,,0,
33,47,necessity,-6850018.6891142,22511.2,13512.732153305878,0.0,0.1,56.0,0.0,,,5122.0,0.0,6850018.6891142,0.01,512.0,,,,,,,,,,,,0,
34,47,necessity,-7138893.984875657,23023.2,14082.583809847323,0.0,0.1,57.0,0.0,,,5122.0,0.0,7138893.984875657,0.01,512.0,,,,,,,,,,,,0,
35,47,necessity,-7257520.831813925,23535.2,14316.593800420842,0.0,0.1,58.0,0.0,,,5122.0,0.0,7257520.831813925,0.01,512.0,,,,,,,,,,,,0,
5,48,necessity,-601094.6308041086,6577.1,1705.352739906733,0.0,0.1,33.0,0.0,,,3561.0,0.0,601094.6308041086,0.01,356.0,,,,,,,,,,,,0,
6,48,necessity,-851719.883162561,6933.1,2416.396290948849,0.0,0.1,34.0,0.0,,,3561.0,0.0,851719.883162561,0.01,356.0,,,,,,,,,,,,0,
7,48,necessity,-1226225.216583478,7289.1,3478.8973743550996,0.0,0.1,35.0,0.0,,,3561.0,0.0,1226225.216583478,0.01,356.0,,,,,,,,,,,,0,
8,48,necessity,-1382413.0163902473,7645.1,3922.0144455958857,0.0,0.1,36.0,0.0,,,3561.0,0.0,1382413.0163902473,0.01,356.0,,,,,,,,,,,,0,
9,48,necessity,-1613760.1285535172,8001.1,4578.364396799685,0.0,0.1,37.0,0.0,,,3561.0,0.0,1613760.1285535172,0.01,356.0,,,,,,,,,,,,0,
10,48,necessity,-1763781.0215156141,8357.1,5003.985468333665,0.0,0.1,38.0,0.0,,,3561.0,0.0,1763781.0215156141,0.01,356.0,,,,,,,,,,,,0,
11,48,necessity,-2043253.8916272349,8713.1,5796.87197962538,0.0,0.1,39.0,0.0,,,3561.0,0.0,2043253.8916272349,0.01,356.0,,,,,,,,,,,,0,
12,48,necessity,-2219671.8983037085,9069.1,6297.383738734163,0.0,0.1,40.0,0.0,,,3561.0,0.0,2219671.8983037085,0.01,356.0,,,,,,,,,,,,0,
13,48,necessity,-2360134.3397878148,9425.1,6695.886731712939,0.0,0.1,41.0,0.0,,,3561.0,0.0,2360134.3397878148,0.01,356.0,,,,,,,,,,,,0,
14,48,necessity,-2676416.7537748115,9781.1,7593.204813818413,0.0,0.1,42.0,0.0,,,3561.0,0.0,2676416.7537748115,0.01,356.0,,,,,,,,,,,,0,
15,48,necessity,-2819394.294509148,10137.1,7998.843341166844,0.0,0.1,43.0,0.0,,,3561.0,0.0,2819394.294509148,0.01,356.0,,,,,,,,,,,,0,
16,48,necessity,-3039683.7920556264,10493.1,8623.821970090901,0.0,0.1,44.0,0.0,,,3561.0,0.0,3039683.7920556264,0.01,356.0,,,,,,,,,,,,0,
17,48,necessity,-3414389.012331478,10849.1,9686.890148224446,0.0,0.1,45.0,0.0,,,3561.0,0.0,3414389.012331478,0.01,356.0,,,,,,,,,,,,0,
18,48,necessity,-3601013.1062181555,11205.1,10216.357379393203,0.0,0.1,46.0,0.0,,,3561.0,0.0,3601013.1062181555,0.01,356.0,,,,,,,,,,,,0,
19,48,necessity,-3832793.0118557652,11561.1,10873.93519972019,0.0,0.1,47.0,0.0,,,3561.0,0.0,3832793.0118557652,0.01,356.0,,,,,,,,,,,,0,
20,48,necessity,-3966046.9711653735,11917.1,11251.98716186809,0.0,0.1,48.0,0.0,,,3561.0,0.0,3966046.9711653735,0.01,356.0,,,,,,,,,,,,0,
21,48,necessity,-4216458.15088472,12273.1,11962.423371997595,0.0,0.1,49.0,0.0,,,3561.0,0.0,4216458.15088472,0.01,356.0,,,,,,,,,,,,0,
22,48,necessity,-4348372.763321038,12629.1,12336.675501734757,0.0,0.1,50.0,0.0,,,3561.0,0.0,4348372.763321038,0.01,356.0,,,,,,,,,,,,0,
23,48,necessity,-4501491.697066825,12985.1,12771.085958613503,0.0,0.1,51.0,0.0,,,3561.0,0.0,4501491.697066825,0.01,356.0,,,,,,,,,,,,0,
24,48,necessity,-4706996.401832296,13341.1,13354.118967686798,0.0,0.1,52.0,0.0,,,3561.0,0.0,4706996.401832296,0.01,356.0,,,,,,,,,,,,0,
25,48,necessity,-4842179.327816518,13697.1,13737.643559991686,0.0,0.1,53.0,0.0,,,3561.0,0.0,4842179.327816518,0.01,356.0,,,,,,,,,,,,0,
26,48,necessity,-5074562.5281932885,14053.1,14396.932974939013,0.0,0.1,54.0,0.0,,,3561.0,0.0,5074562.5281932885,0.01,356.0,,,,,,,,,,,,0,
27,48,necessity,-5215257.491186049,14409.1,14796.095649724197,0.0,0.1,55.0,0.0,,,3561.0,0.0,5215257.491186049,0.01,356.0,,,,,,,,,,,,0,
28,48,necessity,-5623234.498815212,14765.1,15953.558505196084,0.0,0.1,56.0,0.0,,,3561.0,0.0,5623234.498815212,0.01,356.0,,,,,,,,,,,,0,
29,48,necessity,-5859436.891941905,15121.1,16623.683270330454,0.0,0.1,57.0,0.0,,,3561.0,0.0,5859436.891941905,0.01,356.0,,,,,,,,,,,,0,
30,48,necessity,-5983027.065580265,15477.1,16974.318312533003,0.0,0.1,58.0,0.0,,,3561.0,0.0,5983027.065580265,0.01,356.0,,,,,,,,,,,,0,
31,48,necessity,-6174439.141320688,15833.1,17517.369424765522,0.0,0.1,59.0,0.0,,,3561.0,0.0,6174439.141320688,0.01,356.0,,,,,,,,,,,,0,
32,48,necessity,-6291721.461282276,16189.1,17850.108590014017,0.0,0.1,60.0,0.0,,,3561.0,0.0,6291721.461282276,0.01,356.0,,,,,,,,,,,,0,
33,48,necessity,-6416375.978908362,16545.1,18203.763259813717,0.0,0.1,61.0,0.0,,,3561.0,0.0,6416375.978908362,0.01,356.0,,,,,,,,,,,,0,
34,48,necessity,-6715268.214648248,16901.1,19051.744038603894,0.0,0.1,62.0,0.0,,,3561.0,0.0,6715268.214648248,0.01,356.0,,,,,,,,,,,,0,
35,48,necessity,-6847055.927872484,17257.1,19425.63614529655,0.0,0.1,63.0,0.0,,,3561.0,0.0,6847055.927872484,0.01,356.0,,,,,,,,,,,,0,
5,49,necessity,-614449.272459873,5362.5,1951.5527145689277,0.0,0.1,30.0,0.0,,,3185.0,0.0,614449.272459873,0.01,318.0,,,,,,,,,,,,0,
6,49,necessity,-853565.1067688992,5680.5,2711.008663916917,0.0,0.1,31.0,0.0,,,3185.0,0.0,853565.1067688992,0.01,318.0,,,,,,,,,,,,0,
7,49,necessity,-1226386.653701527,5998.5,3895.1274098849526,0.0,0.1,32.0,0.0,,,3185.0,0.0,1226386.653701527,0.01,318.0,,,,,,,,,,,,0,
8,49,necessity,-1397539.779861211,6316.5,4438.726959814769,0.0,0.1,33.0,0.0,,,3185.0,0.0,1397539.779861211,0.01,318.0,,,,,,,,,,,,0,
9,49,necessity,-1630027.2470359372,6634.5,5177.130548204924,0.0,0.1,34.0,0.0,,,3185.0,0.0,1630027.2470359372,0.01,318.0,,,,,,,,,,,,0,
10,49,necessity,-1774558.3999772375,6952.5,5636.176032518345,0.0,0.1,35.0,0.0,,,3185.0,0.0,1774558.3999772375,0.01,318.0,,,,,,,,,,,,0,
11,49,necessity,-2044486.297189223,7270.5,6493.494193923338,0.0,0.1,36.0,0.0,,,3185.0,0.0,2044486.297189223,0.01,318.0,,,,,,,,,,,,0,
12,49,necessity,-2216178.5830569337,7588.5,7038.806169335525,0.0,0.1,37.0,0.0,,,3185.0,0.0,2216178.5830569337,0.01,318.0,,,,,,,,,,,,0,
13,49,necessity,-2376379.6574678775,7906.5,7547.62090092747,0.0,0.1,38.0,0.0,,,3185.0,0.0,2376379.6574678775,0.01,318.0,,,,,,,,,,,,0,
14,49,necessity,-2608656.637839671,8224.5,8285.355962052554,0.0,0.1,39.0,0.0,,,3185.0,0.0,2608656.637839671,0.01,318.0,,,,,,,,,,,,0,
15,49,necessity,-2785618.6857913937,8542.5,8847.405232081455,0.0,0.1,40.0,0.0,,,3185.0,0.0,2785618.6857913937,0.01,318.0,,,,,,,,,,,,0,
16,49,necessity,-3062568.9966163,8860.5,9727.027285708918,0.0,0.1,41.0,0.0,,,3185.0,0.0,3062568.9966163,0.01,318.0,,,,,,,,,,,,0,
17,49,necessity,-3487185.2936576684,9178.5,11075.651369555326,0.0,0.1,42.0,0.0,,,3185.0,0.0,3487185.2936576684,0.01,318.0,,,,,,,,,,,,0,
18,49,necessity,-3647993.0899229944,9496.5,11586.393110804502,0.0,0.1,43.0,0.0,,,3185.0,0.0,3647993.0899229944,0.01,318.0,,,,,,,,,,,,0,
19,49,necessity,-3892748.024843532,9814.5,12363.759411094994,0.0,0.1,44.0,0.0,,,3185.0,0.0,3892748.024843532,0.01,318.0,,,,,,,,,,,,0,
20,49,necessity,-4050599.9897560584,10132.5,12865.11313455505,0.0,0.1,45.0,0.0,,,3185.0,0.0,4050599.9897560584,0.01,318.0,,,,,,,,,,,,0,
21,49,necessity,-4267021.292342777,10450.5,13552.488967653195,0.0,0.1,46.0,0.0,,,3185.0,0.0,4267021.292342777,0.01,318.0,,,,,,,,,,,,0,
22,49,necessity,-4397678.311554738,10768.5,13967.468807241563,0.0,0.1,47.0,0.0,,,3185.0,0.0,4397678.311554738,0.01,318.0,,,,,,,,,,,,0,
23,49,necessity,-4556470.588284628,11086.5,14471.809055646745,0.0,0.1,48.0,0.0,,,3185.0,0.0,4556470.588284628,0.01,318.0,,,,,,,,,,,,0,
24,49,necessity,-4771996.766837815,11404.5,15156.341884747959,0.0,0.1,49.0,0.0,,,3185.0,0.0,4771996.766837815,0.01,318.0,,,,,,,,,,,,0,
25,49,necessity,-4904345.483389599,11722.5,15576.694725304405,0.0,0.1,50.0,0.0,,,3185.0,0.0,4904345.483389599,0.01,318.0,,,,,,,,,,,,0,
26,49,necessity,-5109255.978778766,12040.5,16227.511076537869,0.0,0.1,51.0,0.0,,,3185.0,0.0,5109255.978778766,0.01,318.0,,,,,,,,,,,,0,
27,49,necessity,-5246684.064399168,12358.5,16663.99650433699,0.0,0.1,52.0,0.0,,,3185.0,0.0,5246684.064399168,0.01,318.0,,,,,,,,,,,,0,
28,49,necessity,-5606984.288235002,12676.5,17808.346268267316,0.0,0.1,53.0,0.0,,,3185.0,0.0,5606984.288235002,0.01,318.0,,,,,,,,,,,,0,
29,49,necessity,-5804048.3274485385,12994.5,18434.24148518485,0.0,0.1,54.0,0.0,,,3185.0,0.0,5804048.3274485385,0.01,318.0,,,,,,,,,,,,0,
30,49,necessity,-5941289.626020512,13312.5,18870.133658523846,0.0,0.1,55.0,0.0,,,3185.0,0.0,5941289.626020512,0.01,318.0,,,,,,,,,,,,0,
31,49,necessity,-6170251.883360922,13630.5,19597.34082577733,0.0,0.1,56.0,0.0,,,3185.0,0.0,6170251.883360922,0.01,318.0,,,,,,,,,,,,0,
32,49,necessity,-6293846.96685849,13948.5,19989.891246972278,0.0,0.1,57.0,0.0,,,3185.0,0.0,6293846.96685849,0.01,318.0,,,,,,,,,,,,0,
33,49,necessity,-6416620.285496493,14266.5,20379.831660288135,0.0,0.1,58.0,0.0,,,3185.0,0.0,6416620.285496493,0.01,318.0,,,,,,,,,,,,0,
34,49,necessity,-6627902.467060891,14584.5,21050.885127926464,0.0,0.1,59.0,0.0,,,3185.0,0.0,6627902.467060891,0.01,318.0,,,,,,,,,,,,0,
35,49,necessity,-6753750.494612639,14902.5,21450.59112612633,0.0,0.1,60.0,0.0,,,3185.0,0.0,6753750.494612639,0.01,318.0,,,,,,,,,,,,0,
5,51,necessity,-634899.5000204451,8350.1,1235.5462307998137,0.0,0.1,53.0,0.0,,,5191.0,0.0,634899.5000204451,0.01,519.0,,,,,,,,,,,,0,
6,51,necessity,-986371.2575111522,8869.1,1919.5278770071982,0.0,0.1,54.0,0.0,,,5191.0,0.0,986371.2575111522,0.01,519.0,,,,,,,,,,,,0,
7,51,necessity,-1433579.6836892313,9388.1,2789.817876177853,0.0,0.1,55.0,0.0,,,5191.0,0.0,1433579.6836892313,0.01,519.0,,,,,,,,,,,,0,
8,51,necessity,-1666075.9606637978,9907.1,3242.2672775109218,0.0,0.1,56.0,0.0,,,5191.0,0.0,1666075.9606637978,0.01,519.0,,,,,,,,,,,,0,
9,51,necessity,-2024115.3239365977,10426.1,3939.0298135586395,0.0,0.1,57.0,0.0,,,5191.0,0.0,2024115.3239365977,0.01,519.0,,,,,,,,,,,,0,
10,51,necessity,-2286075.3239365974,10945.1,4448.817095813384,0.0,0.1,58.0,0.0,,,5191.0,0.0,2286075.3239365974,0.01,519.0,,,,,,,,,,,,0,
11,51,necessity,-2542316.9909491627,11464.1,4947.476215628474,0.0,0.1,59.0,0.0,,,5191.0,0.0,2542316.9909491627,0.01,519.0,,,,,,,,,,,,0,
12,51,necessity,-2696714.9121754905,11983.1,5247.942304526595,0.0,0.1,60.0,0.0,,,5191.0,0.0,2696714.9121754905,0.01,519.0,,,,,,,,,,,,0,
13,51,necessity,-2937431.8409887236,12502.1,5716.389506131448,0.0,0.1,61.0,0.0,,,5191.0,0.0,2937431.8409887236,0.01,519.0,,,,,,,,,,,,0,
14,51,necessity,-3197328.808027843,13021.1,6222.162022901656,0.0,0.1,62.0,0.0,,,5191.0,0.0,3197328.808027843,0.01,519.0,,,,,,,,,,,,0,
15,51,necessity,-3382466.5609908625,13540.1,6582.449364197152,0.0,0.1,63.0,0.0,,,5191.0,0.0,3382466.5609908625,0.01,519.0,,,,,,,,,,,,0,
16,51,necessity,-3688582.4634895106,14059.1,7178.1662445977645,0.0,0.1,64.0,0.0,,,5191.0,0.0,3688582.4634895106,0.01,519.0,,,,,,,,,,,,0,
17,51,necessity,-4104596.2616449734,14578.1,7987.749935016712,0.0,0.1,65.0,0.0,,,5191.0,0.0,4104596.2616449734,0.01,519.0,,,,,,,,,,,,0,
18,51,necessity,-4267236.058020845,15097.1,8304.255125812713,0.0,0.1,66.0,0.0,,,5191.0,0.0,4267236.058020845,0.01,519.0,,,,,,,,,,,,0,
19,51,necessity,-4522696.161796577,15616.1,8801.3932844184,0.0,0.1,67.0,0.0,,,5191.0,0.0,4522696.161796577,0.01,519.0,,,,,,,,,,,,0,
20,51,necessity,-4676103.969689691,16135.1,9099.932563172746,0.0,0.1,68.0,0.0,,,5191.0,0.0,4676103.969689691,0.01,519.0,,,,,,,,,,,,0,
21,51,necessity,-4941557.205821047,16654.1,9616.517857924353,0.0,0.1,69.0,0.0,,,5191.0,0.0,4941557.205821047,0.01,519.0,,,,,,,,,,,,0,
22,51,necessity,-5095208.252709619,17173.1,9915.530491948331,0.0,0.1,70.0,0.0,,,5191.0,0.0,5095208.252709619,0.01,519.0,,,,,,,,,,,,0,
23,51,necessity,-5341671.986940173,17692.1,10395.161264767657,0.0,0.1,71.0,0.0,,,5191.0,0.0,5341671.986940173,0.01,519.0,,,,,,,,,,,,0,
24,51,necessity,-5565669.519968432,18211.1,10831.07168465712,0.0,0.1,72.0,0.0,,,5191.0,0.0,5565669.519968432,0.01,519.0,,,,,,,,,,,,0,
25,51,necessity,-5743713.342530358,18730.1,11177.553882038743,0.0,0.1,73.0,0.0,,,5191.0,0.0,5743713.342530358,0.01,519.0,,,,,,,,,,,,0,
26,51,necessity,-5989388.954311684,19249.1,11655.650929092775,0.0,0.1,74.0,0.0,,,5191.0,0.0,5989388.954311684,0.01,519.0,,,,,,,,,,,,0,
27,51,necessity,-6147592.349735556,19768.1,11963.522661405375,0.0,0.1,75.0,0.0,,,5191.0,0.0,6147592.349735556,0.01,519.0,,,,,,,,,,,,0,
28,51,necessity,-6523762.482798493,20287.1,12695.568583681905,0.0,0.1,76.0,0.0,,,5191.0,0.0,6523762.482798493,0.01,519.0,,,,,,,,,,,,0,
29,51,necessity,-6775775.979271191,20806.1,13185.999471826404,0.0,0.1,77.0,0.0,,,5191.0,0.0,6775775.979271191,0.01,519.0,,,,,,,,,,,,0,
30,51,necessity,-6919392.490670688,21325.1,13465.484397132777,0.0,0.1,78.0,0.0,,,5191.0,0.0,6919392.490670688,0.01,519.0,,,,,,,,,,,,0,
31,51,necessity,-7131560.770366525,21844.1,13878.374497479414,0.0,0.1,79.0,0.0,,,5191.0,0.0,7131560.770366525,0.01,519.0,,,,,,,,,,,,0,
32,51,necessity,-7264168.568378672,22363.1,14136.435915079042,0.0,0.1,80.0,0.0,,,5191.0,0.0,7264168.568378672,0.01,519.0,,,,,,,,,,,,0,
33,51,necessity,-7395105.5047787,22882.1,14391.245752283703,0.0,0.1,81.0,0.0,,,5191.0,0.0,7395105.5047787,0.01,519.0,,,,,,,,,,,,0,
34,51,necessity,-7652136.772354192,23401.1,14891.441474347384,0.0,0.1,82.0,0.0,,,5191.0,0.0,7652136.772354192,0.01,519.0,,,,,,,,,,,,0,
35,51,necessity,-7788266.2263446115,23920.1,15156.356210889599,0.0,0.1,83.0,0.0,,,5191.0,0.0,7788266.2263446115,0.01,519.0,,,,,,,,,,,,0,
