data/saved_data/run_2025_04_30_1348_prod_level_graph/firm_data.csv
Step,AgentID,FirmType,Profit,Inventory,ProductPrice,RevenuePerEmployee,ProductionLevel,NumEmployees,DemandReceived,InventoryDemandRatio,SellThroughRate,ProductionCapacity,Revenue,Costs,Markup,ProducedUnits,IncomeBracket,NumPeople,SpendRatio,PostTaxIncome,HouseholdExpense,HouseholdSavings,HealthLevel,Welfare,SkillLevel,SkillType,JobLevel,IsEmployed,Wage
8,28,necessity,-163793.86633941738,0.0,116.28463504261381,12300.765969277982,1.0,19.0,256081.0,,,4407.0,246015.31938555962,409809.185724977,0.2505,4407.0,,,,,,,,,,,,0,
9,28,necessity,315197.67417243286,0.0,58.885180663200934,26971.91508593679,1.0,20.0,542157.0,,,4407.0,512466.38663279905,197268.71246036617,0.3155,4407.0,,,,,,,,,,,,0,
10,28,necessity,-172056.23486108467,0.0,132.25008773313294,12975.349559136326,1.0,19.0,217098.0,,,4407.0,259506.99118272652,431563.2260438112,0.3505,4407.0,,,,,,,,,,,,0,
11,28,necessity,385557.4241795507,0.0,63.361439170475805,30675.059823153522,1.0,20.0,455079.0,,,4407.0,582826.1366399169,197268.71246036617,0.4155,4407.0,,,,,,,,,,,,0,
12,28,necessity,-156034.58252604678,0.0,143.26228256346644,13961.693121214345,1.0,19.0,196161.0,,,4407.0,279233.8624242869,435268.4449503337,0.45049999999999996,4407.0,,,,,,,,,,,,0,
13,28,necessity,434088.16679683037,0.0,67.39007182702319,33229.30943458929,1.0,20.0,433401.0,,,4407.0,631356.8792571966,197268.71246036617,0.5055,4407.0,,,,,,,,,,,,0,
14,28,necessity,-207833.79572884383,0.0,174.17327229366356,14849.402327084561,1.0,19.0,180338.0,,,4407.0,296988.04654169123,504821.84227053507,0.5205,4407.0,,,,,,,,,,,,0,
15,28,necessity,570312.8985378091,0.0,70.07582693138812,40399.032157798705,1.0,20.0,395108.0,,,4407.0,767581.6109981753,197268.71246036617,0.5655,4407.0,,,,,,,,,,,,0,
16,28,necessity,-88233.90044146491,0.0,143.2994916630886,15441.208464331372,1.0,19.0,216105.0,,,4407.0,308824.16928662744,397058.06972809235,0.5905,4407.0,,,,,,,,,,,,0,
17,28,necessity,434252.14729886525,0.0,73.20920788648051,33237.93998732797,1.0,20.0,401354.0,,,4407.0,631520.8597592314,197268.71246036617,0.6355000000000001,4407.0,,,,,,,,,,,,0,
18,28,necessity,-107910.17424613313,0.0,162.22303291616825,16131.648957785981,1.0,19.0,172148.0,,,4407.0,322632.97915571963,430543.15340185276,0.6605000000000001,4407.0,,,,,,,,,,,,0,
19,28,necessity,517648.1936011873,0.0,76.79021469230042,37627.20558218702,1.0,20.0,369232.0,,,4407.0,714916.9060615535,197268.71246036617,0.7155000000000001,4407.0,,,,,,,,,,,,0,
20,28,necessity,-53419.34800526936,0.0,154.75079890757868,16920.723807448398,1.0,19.0,184721.0,,,4407.0,338414.476148968,391833.82415423734,0.7405000000000002,4407.0,,,,,,,,,,,,0,
21,28,necessity,484718.05832533306,0.0,79.92359564739284,35894.04056766838,1.0,20.0,336573.0,,,4407.0,681986.7707856992,197268.71246036617,0.7855000000000002,4407.0,,,,,,,,,,,,0,
22,28,necessity,-35701.56444495893,0.0,158.48847131839747,17611.164300903016,1.0,19.0,191282.0,,,4407.0,352223.2860180603,387924.8504630192,0.8005000000000002,4407.0,,,,,,,,,,,,0,
23,28,necessity,501189.9806398115,0.0,83.05697660248525,36760.98384737777,1.0,20.0,350601.0,,,4407.0,698458.6931001777,197268.71246036617,0.8555000000000003,4407.0,,,,,,,,,,,,0,
24,28,necessity,-29365.048069749377,0.0,168.7189310284173,18301.604794357623,1.0,19.0,178524.0,,,4407.0,366032.0958871525,395397.14395690185,0.8805000000000003,4407.0,,,,,,,,,,,,0,
25,28,necessity,546275.6165818688,0.0,86.63798340830515,39133.912054854474,1.0,20.0,333466.0,,,4407.0,743544.329042235,197268.71246036617,0.9355000000000003,4407.0,,,,,,,,,,,,0,
26,28,necessity,-6421.955406337918,0.0,172.71064040014537,19090.679644020038,1.0,19.0,182030.0,,,4407.0,381813.59288040077,388235.5482867387,0.9605000000000004,4407.0,,,,,,,,,,,,0,
27,28,necessity,563867.0797830744,0.0,90.21899021412504,40059.778539128456,1.0,20.0,303680.0,,,4407.0,761135.7922434406,197268.71246036617,1.0155000000000003,4407.0,,,,,,,,,,,,0,
28,28,necessity,11327.796371018165,0.0,178.84692811737494,19879.754493682452,1.0,19.0,162396.0,,,4407.0,397595.08987364906,386267.2935026309,1.0405000000000002,4407.0,,,,,,,,,,,,0,
29,28,necessity,590909.6997529052,0.0,93.79999701994494,41483.074327014285,1.0,20.0,305509.0,,,4407.0,788178.4122132714,197268.71246036617,1.0955000000000001,4407.0,,,,,,,,,,,,0,
30,28,necessity,29255.421777678654,0.0,184.82616981775857,20668.829343344867,1.0,19.0,161230.0,,,4407.0,413376.58686689736,384121.1650892187,1.1205,4407.0,,,,,,,,,,,,0,
31,28,necessity,617260.2179264958,0.0,97.38100382576482,42869.943704571684,1.0,20.0,265868.0,,,4407.0,814528.930386862,197268.71246036617,1.1755,4407.0,,,,,,,,,,,,0,
32,28,necessity,54924.12184539257,0.0,186.8622267362382,21457.904193007278,1.0,19.0,144363.0,,,4407.0,429158.0838601456,374233.962014753,1.2005,4407.0,,,,,,,,,,,,0,
33,28,necessity,626233.1207662355,0.0,100.9620106315847,43342.20174876851,1.0,20.0,280810.0,,,4407.0,823501.8332266017,197268.71246036617,1.2554999999999998,4407.0,,,,,,,,,,,,0,
34,28,necessity,69784.58421517041,0.0,193.28101195230428,22246.97904266969,1.0,19.0,146206.0,,,4407.0,444939.58085339377,375154.99663822335,1.2704999999999997,4407.0,,,,,,,,,,,,0,
35,28,necessity,654520.7072134388,0.0,104.09539158667712,44831.022088095,1.0,20.0,263615.0,,,4407.0,851789.419673805,197268.71246036617,1.3254999999999997,4407.0,,,,,,,,,,,,0,
8,29,necessity,-173677.69434943367,0.0,107.37913417048142,15216.030475893707,1.0,16.0,262218.0,,,5035.0,258672.518090193,432350.2124396267,0.2505,5035.0,,,,,,,,,,,,0,
9,29,necessity,355445.7112954496,0.0,48.3895581993709,33790.87128427337,1.0,17.0,534479.0,,,5035.0,540653.940548374,185208.2292529244,0.3155,5035.0,,,,,,,,,,,,0,
10,29,necessity,-206442.1889587641,0.0,120.72252656435533,14331.848560813676,1.0,16.0,251428.0,,,5035.0,243641.4255338325,450083.6144925966,0.3505,5035.0,,,,,,,,,,,,0,
11,29,necessity,422629.69199860474,0.0,52.067973873971496,37989.87007822057,1.0,17.0,535548.0,,,5035.0,607837.9212515291,185208.2292529244,0.4155,5035.0,,,,,,,,,,,,0,
12,29,necessity,-146323.82376756537,0.0,116.86676999411753,15421.308732673324,1.0,16.0,255892.0,,,5035.0,262162.2484554465,408486.07222301187,0.4405,5035.0,,,,,,,,,,,,0,
13,29,necessity,403215.95766745735,0.0,55.01070641365198,36776.51168252386,1.0,17.0,522045.0,,,5035.0,588424.1869203817,185208.2292529244,0.4955,5035.0,,,,,,,,,,,,0,
14,29,necessity,-146996.9540547956,0.0,128.0348155492829,16292.876870161042,1.0,16.0,230809.0,,,5035.0,276978.9067927377,423975.86084753333,0.5205,5035.0,,,,,,,,,,,,0,
15,29,necessity,459447.06703771505,0.0,57.95343895333246,40290.956018164965,1.0,17.0,507532.0,,,5035.0,644655.2962906394,185208.2292529244,0.5755,5035.0,,,,,,,,,,,,0,
16,29,necessity,-117796.83041845314,0.0,130.19913186596753,17164.44500764876,1.0,16.0,193230.0,,,5035.0,291795.56513002893,409592.3955484821,0.6005,5035.0,,,,,,,,,,,,0,
17,29,necessity,470344.3996922222,0.0,60.89617149301294,40972.03930907166,1.0,17.0,451722.0,,,5035.0,655552.6289451466,185208.2292529244,0.6555000000000001,5035.0,,,,,,,,,,,,0,
18,29,necessity,-99967.00518722,0.0,135.70136913967295,18036.01314513648,1.0,16.0,216835.0,,,5035.0,306612.22346732015,406579.22865454014,0.6805000000000001,5035.0,,,,,,,,,,,,0,
19,29,necessity,498048.1643653289,0.0,63.47106246523337,42703.52460114083,1.0,17.0,488779.0,,,5035.0,683256.3936182533,185208.2292529244,0.7255000000000001,5035.0,,,,,,,,,,,,0,
20,29,necessity,-164347.09216888476,0.0,168.24404612113855,18798.63526543824,1.0,16.0,174384.0,,,5035.0,319576.79951245006,483923.8916813348,0.7505000000000002,5035.0,,,,,,,,,,,,0,
21,29,necessity,661900.5429670082,0.0,66.41379500491385,52944.29826374579,1.0,17.0,436331.0,,,5035.0,847108.7722199326,185208.2292529244,0.8055000000000002,5035.0,,,,,,,,,,,,0,
22,29,necessity,-126632.88534340891,0.0,167.60848481578012,19670.203402925952,1.0,16.0,152165.0,,,5035.0,334393.4578497412,461026.3431931501,0.8305000000000002,5035.0,,,,,,,,,,,,0,
23,29,necessity,658700.4917945284,0.0,69.35652754459434,52744.295065465805,1.0,17.0,425713.0,,,5035.0,843908.7210474529,185208.2292529244,0.8855000000000003,5035.0,,,,,,,,,,,,0,
24,29,necessity,-70423.65067153872,0.0,158.39403649579356,20541.771540413676,1.0,16.0,156989.0,,,5035.0,349210.1161870325,419633.7668585712,0.9005000000000003,5035.0,,,,,,,,,,,,0,
25,29,necessity,612305.7445033961,0.0,71.5635769493547,49844.623359770034,1.0,17.0,394807.0,,,5035.0,797513.9737563205,185208.2292529244,0.9455000000000003,5035.0,,,,,,,,,,,,0,
26,29,necessity,-42397.61933019542,0.0,157.60878085785762,21195.447643529467,1.0,16.0,183428.0,,,5035.0,360322.6099400009,402720.22927019635,0.9705000000000004,5035.0,,,,,,,,,,,,0,
27,29,necessity,608351.9823663887,0.0,74.50630948903516,49597.51322620707,1.0,17.0,377713.0,,,5035.0,793560.2116193131,185208.2292529244,1.0255000000000003,5035.0,,,,,,,,,,,,0,
28,29,necessity,-84098.4320724738,0.0,187.0242113962603,22067.015781017177,1.0,16.0,150951.0,,,5035.0,375139.268277292,459237.70034976583,1.0505000000000002,5035.0,,,,,,,,,,,,0,
29,29,necessity,756458.6751272462,0.0,77.44904202871565,58854.181523760664,1.0,17.0,332036.0,,,5035.0,941666.9043801706,185208.2292529244,1.1055000000000001,5035.0,,,,,,,,,,,,0,
30,29,necessity,-1414.4400036073057,0.0,165.60368737129122,22938.5839185049,1.0,16.0,169316.0,,,5035.0,389955.9266145833,391370.3666181906,1.1305,5035.0,,,,,,,,,,,,0,
31,29,necessity,648606.3366615269,0.0,80.02393300093607,52113.410369653204,1.0,17.0,324232.0,,,5035.0,833814.5659144513,185208.2292529244,1.1755,5035.0,,,,,,,,,,,,0,
32,29,necessity,22862.235548657656,0.0,165.3461040598651,23701.206038806653,1.0,16.0,170813.0,,,5035.0,402920.5026597131,380058.26711105544,1.1905,5035.0,,,,,,,,,,,,0,
33,29,necessity,647309.4046884964,0.0,82.59882397315648,52032.3521213388,1.0,17.0,379104.0,,,5035.0,832517.6339414208,185208.2292529244,1.2454999999999998,5035.0,,,,,,,,,,,,0,
34,29,necessity,36844.648988395755,0.0,170.9257786495069,24463.828159108405,1.0,16.0,166465.0,,,5035.0,415885.0787048429,379040.42971644714,1.2704999999999997,5035.0,,,,,,,,,,,,0,
35,29,necessity,675403.0662473429,0.0,85.54155651283696,53788.2059687667,1.0,17.0,342801.0,,,5035.0,860611.2955002672,185208.2292529244,1.3254999999999997,5035.0,,,,,,,,,,,,0,
8,53,necessity,-138155.92129392308,0.0,79.78765545829326,8521.536185267836,1.0,29.0,349007.0,,,6172.0,255646.0855580351,393802.00685195817,0.2505,6172.0,,,,,,,,,,,,0,
9,53,necessity,304013.34998994187,0.0,40.16325927257017,16981.01412029607,1.0,30.0,719383.0,,,6172.0,492449.409488586,188436.05949864414,0.3155,6172.0,,,,,,,,,,,,0,
10,53,necessity,-197655.68827316476,0.0,97.48967265788136,8262.92120767677,1.0,29.0,296592.0,,,6172.0,247887.63623030312,445543.3245034679,0.3505,6172.0,,,,,,,,,,,,0,
11,53,necessity,413270.2001457996,0.0,43.216338654749585,20748.49171187737,1.0,30.0,640612.0,,,6172.0,601706.2596444438,188436.05949864414,0.4155,6172.0,,,,,,,,,,,,0,
12,53,necessity,-157590.54763393907,0.0,99.0336257491557,8891.041405903814,1.0,29.0,279452.0,,,6172.0,266731.2421771144,424321.7898110535,0.4405,6172.0,,,,,,,,,,,,0,
13,53,necessity,422799.47862514487,0.0,45.353494222275174,21077.087521509966,1.0,30.0,620564.0,,,6172.0,611235.538123789,188436.05949864414,0.48550000000000004,6172.0,,,,,,,,,,,,0,
14,53,necessity,-114858.69680987654,0.0,95.9766825761887,9330.725544662746,1.0,29.0,279016.0,,,6172.0,279921.7663398824,394780.4631497589,0.5005000000000001,6172.0,,,,,,,,,,,,0,
15,53,necessity,403932.0253615925,0.0,47.18534185158282,20426.485684835745,1.0,30.0,607376.0,,,6172.0,592368.0848602366,188436.05949864414,0.5455000000000001,6172.0,,,,,,,,,,,,0,
16,53,necessity,-132274.69247043628,0.0,107.7626163865073,9707.597663598972,1.0,29.0,254008.0,,,6172.0,291227.92990796914,423502.6223784054,0.5705000000000001,6172.0,,,,,,,,,,,,0,
17,53,necessity,476674.80883887893,0.0,49.62780535732635,22934.857528880108,1.0,30.0,563051.0,,,6172.0,665110.8683375231,188436.05949864414,0.6255000000000002,6172.0,,,,,,,,,,,,0,
18,53,necessity,-96932.24073013739,0.0,107.83205748906877,10210.093822180608,1.0,29.0,269463.0,,,6172.0,306302.81466541823,403235.0553955556,0.6505000000000002,6172.0,,,,,,,,,,,,0,
19,53,necessity,477103.3993238883,0.0,52.070268863069884,22949.636511121807,1.0,30.0,502833.0,,,6172.0,665539.4588225324,188436.05949864414,0.7055000000000002,6172.0,,,,,,,,,,,,0,
20,53,necessity,-70601.31454516586,0.0,109.90273550903738,10712.589980762245,1.0,29.0,275393.0,,,6172.0,321377.6994228673,391979.0139680332,0.7305000000000003,6172.0,,,,,,,,,,,,0,
21,53,necessity,489883.6240631346,0.0,54.20742443059547,23390.333915923406,1.0,30.0,534666.0,,,6172.0,678319.6835617787,188436.05949864414,0.7755000000000003,6172.0,,,,,,,,,,,,0,
22,53,necessity,-42533.34090367565,0.0,110.0083225458516,11152.274119521175,1.0,29.0,272488.0,,,6172.0,334568.22358563525,377101.5644893109,0.8005000000000003,6172.0,,,,,,,,,,,,0,
23,53,necessity,490535.30725435197,0.0,56.649887936339006,23412.805750103314,1.0,30.0,464682.0,,,6172.0,678971.3667529961,188436.05949864414,0.8555000000000004,6172.0,,,,,,,,,,,,0,
24,53,necessity,-33488.48157008982,0.0,116.73346641526096,11654.770278102811,1.0,29.0,241506.0,,,6172.0,349643.10834308434,383131.58991317416,0.8805000000000004,6172.0,,,,,,,,,,,,0,
25,53,necessity,532042.8952163465,0.0,59.09235144208254,24844.101886723816,1.0,30.0,469917.0,,,6172.0,720478.9547149907,188436.05949864414,0.9355000000000004,6172.0,,,,,,,,,,,,0,
26,53,necessity,-16103.9526228272,0.0,120.3488666579822,12157.266436684447,1.0,29.0,220491.0,,,6172.0,364717.99310053344,380821.94572336064,0.9505000000000005,6172.0,,,,,,,,,,,,0,
27,53,necessity,554357.1455144221,0.0,60.92419907139019,25613.558793554006,1.0,30.0,467986.0,,,6172.0,742793.2050130662,188436.05949864414,0.9955000000000005,6172.0,,,,,,,,,,,,0,
28,53,necessity,7041.28883557691,0.0,120.79226901099673,12534.138555620675,1.0,29.0,246170.0,,,6172.0,376024.15666862024,368982.86783304333,1.0205000000000004,6172.0,,,,,,,,,,,,0,
29,53,necessity,557093.8248372276,0.0,63.36666257713372,25707.927046064546,1.0,30.0,483317.0,,,6172.0,745529.8843358718,188436.05949864414,1.0755000000000003,6172.0,,,,,,,,,,,,0,
30,53,necessity,18819.799306084984,0.0,126.69678352986557,13036.63471420231,1.0,29.0,229954.0,,,6172.0,391099.0414260693,372279.2421199843,1.1005000000000003,6172.0,,,,,,,,,,,,0,
31,53,necessity,593536.4884476862,0.0,65.80912608287723,26964.570618838974,1.0,30.0,499131.0,,,6172.0,781972.5479463303,188436.05949864414,1.1555000000000002,6172.0,,,,,,,,,,,,0,
32,53,necessity,45119.900983653264,0.0,127.55643256979087,13539.130872783942,1.0,29.0,210588.0,,,6172.0,406173.92618351826,361054.025199865,1.1805,6172.0,,,,,,,,,,,,0,
33,53,necessity,598842.2423221052,0.0,68.25158958862076,27147.527648991356,1.0,30.0,388314.0,,,6172.0,787278.3018207493,188436.05949864414,1.2355,6172.0,,,,,,,,,,,,0,
34,53,necessity,36736.14428524481,0.0,140.8280756374648,14041.627031365579,1.0,29.0,199465.0,,,6172.0,421248.81094096735,384512.66665572254,1.2605,6172.0,,,,,,,,,,,,0,
35,53,necessity,680754.8233357884,0.0,70.38874515614634,29972.099408083883,1.0,30.0,410060.0,,,6172.0,869190.8828344326,188436.05949864414,1.3054999999999999,6172.0,,,,,,,,,,,,0,
