data/saved_data/run_2025_04_30_1348_prod_level_graph/firm_data.csv
Step,AgentID,FirmType,Profit,Inventory,ProductPrice,RevenuePerEmployee,ProductionLevel,NumEmployees,DemandReceived,InventoryDemandRatio,SellThroughRate,ProductionCapacity,Revenue,Costs,Markup,ProducedUnits,IncomeBracket,NumPeople,SpendRatio,PostTaxIncome,HouseholdExpense,HouseholdSavings,HealthLevel,Welfare,SkillLevel,SkillType,JobLevel,IsEmployed,Wage
12,37,necessity,-1846420.5056472276,12681.0,2702.7314608709685,0.0,0.1,46.0,0.0,,,6902.0,0.0,1846420.5056472276,0.01,690.0,,,,,,,,,,,,0,
13,37,necessity,-2075138.1384013298,13371.0,3037.5210387649595,0.0,0.1,47.0,0.0,,,6902.0,0.0,2075138.1384013298,0.01,690.0,,,,,,,,,,,,0,
14,37,necessity,-2210984.1808802146,14061.0,3236.3681441342733,0.0,0.1,48.0,0.0,,,6902.0,0.0,2210984.1808802146,0.01,690.0,,,,,,,,,,,,0,
15,37,necessity,-2351378.7281340407,14751.0,3441.873205758707,0.0,0.1,49.0,0.0,,,6902.0,0.0,2351378.7281340407,0.01,690.0,,,,,,,,,,,,0,
16,37,necessity,-2559954.4342452805,15441.0,3747.179673681962,0.0,0.1,50.0,0.0,,,6902.0,0.0,2559954.4342452805,0.01,690.0,,,,,,,,,,,,0,
17,37,necessity,-2706926.5793719874,16131.0,3962.312813338253,0.0,0.1,51.0,0.0,,,6902.0,0.0,2706926.5793719874,0.01,690.0,,,,,,,,,,,,0,
18,37,necessity,-2926045.9311461723,16821.0,4283.05273358635,0.0,0.1,52.0,0.0,,,6902.0,0.0,2926045.9311461723,0.01,690.0,,,,,,,,,,,,0,
19,37,necessity,-3290166.9088529986,17511.0,4816.041410326793,0.0,0.1,53.0,0.0,,,6902.0,0.0,3290166.9088529986,0.01,690.0,,,,,,,,,,,,0,
20,37,necessity,-3454684.7292614696,18201.0,5056.857349995981,0.0,0.1,54.0,0.0,,,6902.0,0.0,3454684.7292614696,0.01,690.0,,,,,,,,,,,,0,
21,37,necessity,-3659865.4724711725,18891.0,5357.194379476362,0.0,0.1,55.0,0.0,,,6902.0,0.0,3659865.4724711725,0.01,690.0,,,,,,,,,,,,0,
22,37,necessity,-3789424.0856222883,19581.0,5546.838146277787,0.0,0.1,56.0,0.0,,,6902.0,0.0,3789424.0856222883,0.01,690.0,,,,,,,,,,,,0,
23,37,necessity,-4022010.0637545674,20271.0,5887.290084789598,0.0,0.1,57.0,0.0,,,6902.0,0.0,4022010.0637545674,0.01,690.0,,,,,,,,,,,,0,
24,37,necessity,-4172832.4126090035,20961.0,6108.0590298942525,0.0,0.1,58.0,0.0,,,6902.0,0.0,4172832.4126090035,0.01,690.0,,,,,,,,,,,,0,
25,37,necessity,-4296978.463019615,21651.0,6289.780059942074,0.0,0.1,59.0,0.0,,,6902.0,0.0,4296978.463019615,0.01,690.0,,,,,,,,,,,,0,
26,37,necessity,-4513459.6114208205,22341.0,6606.65826221503,0.0,0.1,60.0,0.0,,,6902.0,0.0,4513459.6114208205,0.01,690.0,,,,,,,,,,,,0,
27,37,necessity,-4651558.980084489,23031.0,6808.803714603667,0.0,0.1,61.0,0.0,,,6902.0,0.0,4651558.980084489,0.01,690.0,,,,,,,,,,,,0,
28,37,necessity,-4849393.210320304,23721.0,7098.387152645102,0.0,0.1,62.0,0.0,,,6902.0,0.0,4849393.210320304,0.01,690.0,,,,,,,,,,,,0,
29,37,necessity,-4980845.763214329,24411.0,7290.803208051695,0.0,0.1,63.0,0.0,,,6902.0,0.0,4980845.763214329,0.01,690.0,,,,,,,,,,,,0,
30,37,necessity,-5341031.174819749,25101.0,7818.031128623065,0.0,0.1,64.0,0.0,,,6902.0,0.0,5341031.174819749,0.01,690.0,,,,,,,,,,,,0,
31,37,necessity,-5533623.247871014,25791.0,8099.9412641301205,0.0,0.1,65.0,0.0,,,6902.0,0.0,5533623.247871014,0.01,690.0,,,,,,,,,,,,0,
32,37,necessity,-5648135.943715429,26481.0,8267.561296934815,0.0,0.1,66.0,0.0,,,6902.0,0.0,5648135.943715429,0.01,690.0,,,,,,,,,,,,0,
33,37,necessity,-5855615.651779378,27171.0,8571.263477863635,0.0,0.1,67.0,0.0,,,6902.0,0.0,5855615.651779378,0.01,690.0,,,,,,,,,,,,0,
34,37,necessity,-5981976.33124899,27861.0,8756.226211311963,0.0,0.1,68.0,0.0,,,6902.0,0.0,5981976.33124899,0.01,690.0,,,,,,,,,,,,0,
35,37,necessity,-6092635.173023733,28551.0,8918.205095414152,0.0,0.1,69.0,0.0,,,6902.0,0.0,6092635.173023733,0.01,690.0,,,,,,,,,,,,0,
12,43,necessity,-1900772.5910509834,11300.0,3157.5334108617762,0.0,0.1,52.0,0.0,,,6085.0,0.0,1900772.5910509834,0.01,608.0,,,,,,,,,,,,0,
13,43,necessity,-2141052.821673687,11908.0,3556.683135417337,0.0,0.1,53.0,0.0,,,6085.0,0.0,2141052.821673687,0.01,608.0,,,,,,,,,,,,0,
14,43,necessity,-2345078.100264523,12516.0,3895.6067062032266,0.0,0.1,54.0,0.0,,,6085.0,0.0,2345078.100264523,0.01,608.0,,,,,,,,,,,,0,
15,43,necessity,-2530487.1417227755,13124.0,4203.605277855918,0.0,0.1,55.0,0.0,,,6085.0,0.0,2530487.1417227755,0.01,608.0,,,,,,,,,,,,0,
16,43,necessity,-2777710.007663096,13732.0,4614.287998561577,0.0,0.1,56.0,0.0,,,6085.0,0.0,2777710.007663096,0.01,608.0,,,,,,,,,,,,0,
17,43,necessity,-2933825.2206032323,14340.0,4873.624124894145,0.0,0.1,57.0,0.0,,,6085.0,0.0,2933825.2206032323,0.01,608.0,,,,,,,,,,,,0,
18,43,necessity,-3211517.6230805977,14948.0,5334.92235851395,0.0,0.1,58.0,0.0,,,6085.0,0.0,3211517.6230805977,0.01,608.0,,,,,,,,,,,,0,
19,43,necessity,-3619332.6902807322,15556.0,6012.378307847305,0.0,0.1,59.0,0.0,,,6085.0,0.0,3619332.6902807322,0.01,608.0,,,,,,,,,,,,0,
20,43,necessity,-3767067.97642908,16164.0,6257.793832130883,0.0,0.1,60.0,0.0,,,6085.0,0.0,3767067.97642908,0.01,608.0,,,,,,,,,,,,0,
21,43,necessity,-3992398.290851407,16772.0,6632.1089919865335,0.0,0.1,61.0,0.0,,,6085.0,0.0,3992398.290851407,0.01,608.0,,,,,,,,,,,,0,
22,43,necessity,-4150187.779194851,17380.0,6894.2263981785745,0.0,0.1,62.0,0.0,,,6085.0,0.0,4150187.779194851,0.01,608.0,,,,,,,,,,,,0,
23,43,necessity,-4400288.463964838,17988.0,7309.689706076967,0.0,0.1,63.0,0.0,,,6085.0,0.0,4400288.463964838,0.01,608.0,,,,,,,,,,,,0,
24,43,necessity,-4537952.9231699705,18596.0,7538.375731683051,0.0,0.1,64.0,0.0,,,6085.0,0.0,4537952.9231699705,0.01,608.0,,,,,,,,,,,,0,
25,43,necessity,-4707784.326013031,19204.0,7820.496976073462,0.0,0.1,65.0,0.0,,,6085.0,0.0,4707784.326013031,0.01,608.0,,,,,,,,,,,,0,
26,43,necessity,-4931369.139014529,19812.0,8191.912536534148,0.0,0.1,66.0,0.0,,,6085.0,0.0,4931369.139014529,0.01,608.0,,,,,,,,,,,,0,
27,43,necessity,-5069932.214632494,20420.0,8422.091329534092,0.0,0.1,67.0,0.0,,,6085.0,0.0,5069932.214632494,0.01,608.0,,,,,,,,,,,,0,
28,43,necessity,-5278601.825325127,21028.0,8768.729991463237,0.0,0.1,68.0,0.0,,,6085.0,0.0,5278601.825325127,0.01,608.0,,,,,,,,,,,,0,
29,43,necessity,-5422160.597591311,21636.0,9007.207556842133,0.0,0.1,69.0,0.0,,,6085.0,0.0,5422160.597591311,0.01,608.0,,,,,,,,,,,,0,
30,43,necessity,-5789097.291684447,22244.0,9616.756998329827,0.0,0.1,70.0,0.0,,,6085.0,0.0,5789097.291684447,0.01,608.0,,,,,,,,,,,,0,
31,43,necessity,-5999957.340211221,22852.0,9967.034380997202,0.0,0.1,71.0,0.0,,,6085.0,0.0,5999957.340211221,0.01,608.0,,,,,,,,,,,,0,
32,43,necessity,-6136215.5987609755,23460.0,10193.38444828158,0.0,0.1,72.0,0.0,,,6085.0,0.0,6136215.5987609755,0.01,608.0,,,,,,,,,,,,0,
33,43,necessity,-6354085.891725351,24068.0,10555.307138301476,0.0,0.1,73.0,0.0,,,6085.0,0.0,6354085.891725351,0.01,608.0,,,,,,,,,,,,0,
34,43,necessity,-6477018.514390746,24676.0,10759.520869695942,0.0,0.1,74.0,0.0,,,6085.0,0.0,6477018.514390746,0.01,608.0,,,,,,,,,,,,0,
35,43,necessity,-6616081.621137779,25284.0,10990.5303065109,0.0,0.1,75.0,0.0,,,6085.0,0.0,6616081.621137779,0.01,608.0,,,,,,,,,,,,0,
12,50,necessity,-1826429.4588789935,10036.0,3335.7933998770163,0.0,0.1,53.0,0.0,,,5527.0,0.0,1826429.4588789935,0.01,553.0,,,,,,,,,,,,0,
13,50,necessity,-2090646.9127783037,10589.0,3818.3605390374796,0.0,0.1,54.0,0.0,,,5527.0,0.0,2090646.9127783037,0.01,553.0,,,,,,,,,,,,0,
14,50,necessity,-2244875.3087420063,11142.0,4100.043504031434,0.0,0.1,55.0,0.0,,,5527.0,0.0,2244875.3087420063,0.01,553.0,,,,,,,,,,,,0,
15,50,necessity,-2423484.855473425,11695.0,4426.256237978124,0.0,0.1,56.0,0.0,,,5527.0,0.0,2423484.855473425,0.01,553.0,,,,,,,,,,,,0,
16,50,necessity,-2664286.0310592195,12248.0,4866.055852628853,0.0,0.1,57.0,0.0,,,5527.0,0.0,2664286.0310592195,0.01,553.0,,,,,,,,,,,,0,
17,50,necessity,-2823302.1460802113,12801.0,5156.483114619404,0.0,0.1,58.0,0.0,,,5527.0,0.0,2823302.1460802113,0.01,553.0,,,,,,,,,,,,0,
18,50,necessity,-3171594.1460802113,13354.0,5792.604126127323,0.0,0.1,59.0,0.0,,,5527.0,0.0,3171594.1460802113,0.01,553.0,,,,,,,,,,,,0,
19,50,necessity,-3575284.2289907057,13907.0,6529.904276221896,0.0,0.1,60.0,0.0,,,5527.0,0.0,3575284.2289907057,0.01,553.0,,,,,,,,,,,,0,
20,50,necessity,-3728315.1023051697,14460.0,6809.400084120834,0.0,0.1,61.0,0.0,,,5527.0,0.0,3728315.1023051697,0.01,553.0,,,,,,,,,,,,0,
21,50,necessity,-3962786.9955437398,15013.0,7237.639888357211,0.0,0.1,62.0,0.0,,,5527.0,0.0,3962786.9955437398,0.01,553.0,,,,,,,,,,,,0,
22,50,necessity,-4100243.8369418634,15566.0,7488.691261885336,0.0,0.1,63.0,0.0,,,5527.0,0.0,4100243.8369418634,0.01,553.0,,,,,,,,,,,,0,
23,50,necessity,-4367858.447068442,16119.0,7977.462972082573,0.0,0.1,64.0,0.0,,,5527.0,0.0,4367858.447068442,0.01,553.0,,,,,,,,,,,,0,
24,50,necessity,-4520070.552956104,16672.0,8255.463381971433,0.0,0.1,65.0,0.0,,,5527.0,0.0,4520070.552956104,0.01,553.0,,,,,,,,,,,,0,
25,50,necessity,-4677664.415269771,17225.0,8543.293039564513,0.0,0.1,66.0,0.0,,,5527.0,0.0,4677664.415269771,0.01,553.0,,,,,,,,,,,,0,
26,50,necessity,-4915656.227872232,17778.0,8977.961629607582,0.0,0.1,67.0,0.0,,,5527.0,0.0,4915656.227872232,0.01,553.0,,,,,,,,,,,,0,
27,50,necessity,-5060288.624015546,18331.0,9242.118446679175,0.0,0.1,68.0,0.0,,,5527.0,0.0,5060288.624015546,0.01,553.0,,,,,,,,,,,,0,
28,50,necessity,-5265414.578214436,18884.0,9616.760785496961,0.0,0.1,69.0,0.0,,,5527.0,0.0,5265414.578214436,0.01,553.0,,,,,,,,,,,,0,
29,50,necessity,-5418936.722804284,19437.0,9897.153851962337,0.0,0.1,70.0,0.0,,,5527.0,0.0,5418936.722804284,0.01,553.0,,,,,,,,,,,,0,
30,50,necessity,-5818790.067088922,19990.0,10627.446577092884,0.0,0.1,71.0,0.0,,,5527.0,0.0,5818790.067088922,0.01,553.0,,,,,,,,,,,,0,
31,50,necessity,-6017717.3173897965,20543.0,10990.767594164425,0.0,0.1,72.0,0.0,,,5527.0,0.0,6017717.3173897965,0.01,553.0,,,,,,,,,,,,0,
32,50,necessity,-6136883.6095203925,21096.0,11208.41308211064,0.0,0.1,73.0,0.0,,,5527.0,0.0,6136883.6095203925,0.01,553.0,,,,,,,,,,,,0,
33,50,necessity,-6332326.009011628,21649.0,11565.36936263359,0.0,0.1,74.0,0.0,,,5527.0,0.0,6332326.009011628,0.01,553.0,,,,,,,,,,,,0,
34,50,necessity,-6457847.375898511,22202.0,11794.621768287296,0.0,0.1,75.0,0.0,,,5527.0,0.0,6457847.375898511,0.01,553.0,,,,,,,,,,,,0,
35,50,necessity,-6576116.460536285,22755.0,12010.628595173635,0.0,0.1,76.0,0.0,,,5527.0,0.0,6576116.460536285,0.01,553.0,,,,,,,,,,,,0,
12,52,necessity,-1863403.6841026216,11500.0,2882.140456449475,0.0,0.1,54.0,0.0,,,6529.0,0.0,1863403.6841026216,0.01,653.0,,,,,,,,,,,,0,
13,52,necessity,-2117137.500548123,12153.0,3274.592453719773,0.0,0.1,55.0,0.0,,,6529.0,0.0,2117137.500548123,0.01,653.0,,,,,,,,,,,,0,
14,52,necessity,-2295470.915729327,12806.0,3550.4220847414986,0.0,0.1,56.0,0.0,,,6529.0,0.0,2295470.915729327,0.01,653.0,,,,,,,,,,,,0,
15,52,necessity,-2445441.204968679,13459.0,3782.3822561041097,0.0,0.1,57.0,0.0,,,6529.0,0.0,2445441.204968679,0.01,653.0,,,,,,,,,,,,0,
16,52,necessity,-2701881.7449296205,14112.0,4179.020762940117,0.0,0.1,58.0,0.0,,,6529.0,0.0,2701881.7449296205,0.01,653.0,,,,,,,,,,,,0,
17,52,necessity,-2854111.995585198,14765.0,4414.476433578214,0.0,0.1,59.0,0.0,,,6529.0,0.0,2854111.995585198,0.01,653.0,,,,,,,,,,,,0,
18,52,necessity,-3099998.4321574396,15418.0,4794.790829531736,0.0,0.1,60.0,0.0,,,6529.0,0.0,3099998.4321574396,0.01,653.0,,,,,,,,,,,,0,
19,52,necessity,-3571209.632230616,16071.0,5523.616727456823,0.0,0.1,61.0,0.0,,,6529.0,0.0,3571209.632230616,0.01,653.0,,,,,,,,,,,,0,
20,52,necessity,-3743784.0777372676,16724.0,5790.5389168822385,0.0,0.1,62.0,0.0,,,6529.0,0.0,3743784.0777372676,0.01,653.0,,,,,,,,,,,,0,
21,52,necessity,-3958410.5676240115,17377.0,6122.503318802065,0.0,0.1,63.0,0.0,,,6529.0,0.0,3958410.5676240115,0.01,653.0,,,,,,,,,,,,0,
22,52,necessity,-4108802.422260261,18030.0,6355.115528526414,0.0,0.1,64.0,0.0,,,6529.0,0.0,4108802.422260261,0.01,653.0,,,,,,,,,,,,0,
23,52,necessity,-4340444.03339109,18683.0,6713.397346112717,0.0,0.1,65.0,0.0,,,6529.0,0.0,4340444.03339109,0.01,653.0,,,,,,,,,,,,0,
24,52,necessity,-4474044.864055445,19336.0,6920.0387531025435,0.0,0.1,66.0,0.0,,,6529.0,0.0,4474044.864055445,0.01,653.0,,,,,,,,,,,,0,
25,52,necessity,-4603847.351825667,19989.0,7120.805234644898,0.0,0.1,67.0,0.0,,,6529.0,0.0,4603847.351825667,0.01,653.0,,,,,,,,,,,,0,
26,52,necessity,-4949511.208881665,20642.0,7655.446115336961,0.0,0.1,68.0,0.0,,,6529.0,0.0,4949511.208881665,0.01,653.0,,,,,,,,,,,,0,
27,52,necessity,-5089472.606288593,21295.0,7871.925458621063,0.0,0.1,69.0,0.0,,,6529.0,0.0,5089472.606288593,0.01,653.0,,,,,,,,,,,,0,
28,52,necessity,-5301080.47377872,21948.0,8199.220934635967,0.0,0.1,70.0,0.0,,,6529.0,0.0,5301080.47377872,0.01,653.0,,,,,,,,,,,,0,
29,52,necessity,-5426697.0342694,22601.0,8393.513011054489,0.0,0.1,71.0,0.0,,,6529.0,0.0,5426697.0342694,0.01,653.0,,,,,,,,,,,,0,
30,52,necessity,-5810498.885103637,23254.0,8987.142212813984,0.0,0.1,72.0,0.0,,,6529.0,0.0,5810498.885103637,0.01,653.0,,,,,,,,,,,,0,
31,52,necessity,-6030166.178182047,23907.0,9326.903262843744,0.0,0.1,73.0,0.0,,,6529.0,0.0,6030166.178182047,0.01,653.0,,,,,,,,,,,,0,
32,52,necessity,-6164762.546769321,24560.0,9535.084475806936,0.0,0.1,74.0,0.0,,,6529.0,0.0,6164762.546769321,0.01,653.0,,,,,,,,,,,,0,
33,52,necessity,-6362035.899324547,25213.0,9840.208650042241,0.0,0.1,75.0,0.0,,,6529.0,0.0,6362035.899324547,0.01,653.0,,,,,,,,,,,,0,
34,52,necessity,-6493206.041445866,25866.0,10043.090492828842,0.0,0.1,76.0,0.0,,,6529.0,0.0,6493206.041445866,0.01,653.0,,,,,,,,,,,,0,
35,52,necessity,-6624814.86395766,26519.0,10246.650845866134,0.0,0.1,77.0,0.0,,,6529.0,0.0,6624814.86395766,0.01,653.0,,,,,,,,,,,,0,
15,62,luxury,4136883.3892752393,0.0,3557.511551118424,114063.85908247005,1.0,46.0,6480.0,,,529.0,5132873.658711152,995990.2694359128,0.8895000000000004,529.0,,,,,,,,,,,,0,
16,62,luxury,-429887.498619705,0.0,8410.360058923747,40911.38283786188,1.0,45.0,3182.0,,,529.0,1881923.6105416464,2311811.1091613513,0.9245000000000004,529.0,,,,,,,,,,,,0,
17,62,luxury,3453090.201734749,0.0,3745.7894844933076,98868.4549149036,1.0,46.0,7910.0,,,529.0,4449080.471170662,995990.2694359128,0.9895000000000005,529.0,,,,,,,,,,,,0,
18,62,luxury,-400528.27007333795,0.0,9116.18535511339,43076.57907167304,1.0,45.0,3608.0,,,529.0,1981522.6372969598,2382050.9073702977,1.0245000000000004,529.0,,,,,,,,,,,,0,
19,62,luxury,3826471.7834190703,0.0,3934.06741786819,107165.8233967774,1.0,46.0,7073.0,,,529.0,4822462.052854983,995990.2694359128,1.0895000000000004,529.0,,,,,,,,,,,,0,
20,62,luxury,-337620.7900536293,0.0,9713.834279837722,45241.77530548419,1.0,45.0,2994.0,,,529.0,2081121.6640522727,2418742.454105902,1.1245000000000003,529.0,,,,,,,,,,,,0,
21,62,luxury,4142628.0645982423,0.0,4122.345351243074,114191.51853409233,1.0,46.0,9649.0,,,529.0,5138618.334034155,995990.2694359128,1.1895000000000002,529.0,,,,,,,,,,,,0,
22,62,luxury,-128572.26873332169,0.0,9667.163042034363,47406.97153929535,1.0,45.0,3486.0,,,529.0,2180720.690807586,2309292.9595409078,1.2145000000000001,529.0,,,,,,,,,,,,0,
23,62,luxury,4117938.979800265,0.0,4272.96769794298,113642.8722052484,1.0,46.0,9463.0,,,529.0,5113929.249236178,995990.2694359128,1.2695,529.0,,,,,,,,,,,,0,
24,62,luxury,-30334.472332816105,0.0,9979.201094903498,49139.12852634427,1.0,45.0,4160.0,,,529.0,2260399.9122118363,2290734.3845446524,1.3045,529.0,,,,,,,,,,,,0,
25,62,luxury,4283007.109768037,0.0,4461.245631317864,117311.05287119889,1.0,46.0,10718.0,,,529.0,5278997.37920395,995990.2694359128,1.3695,529.0,,,,,,,,,,,,0,
26,62,luxury,-153199.33046876313,0.0,11375.904054420396,51304.324760155425,1.0,45.0,3712.0,,,529.0,2359998.9389671497,2513198.269435913,1.3944999999999999,529.0,,,,,,,,,,,,0,
27,62,luxury,5021862.975352477,0.0,4630.695771355258,133730.07210640865,1.0,46.0,11020.0,,,529.0,6017853.24478839,995990.2694359128,1.4594999999999998,529.0,,,,,,,,,,,,0,
28,62,luxury,-123.33165274234489,0.0,11551.852150333618,53253.00137058547,1.0,45.0,3726.0,,,529.0,2449638.0630469318,2449761.394699674,1.4944999999999997,529.0,,,,,,,,,,,,0,
29,62,luxury,5114939.51809057,0.0,4800.145911392653,135798.43972281076,1.0,46.0,9844.0,,,529.0,6110929.787526484,995990.2694359128,1.5494999999999997,529.0,,,,,,,,,,,,0,
30,62,luxury,149277.6640780503,0.0,11631.481588766163,55201.677981015506,1.0,45.0,4511.0,,,529.0,2539277.1871267133,2389999.523048663,1.5744999999999996,529.0,,,,,,,,,,,,0,
31,62,luxury,5157063.491021387,0.0,4950.768258092559,136734.5280101622,1.0,46.0,10632.0,,,529.0,6153053.7604573,995990.2694359128,1.6294999999999995,529.0,,,,,,,,,,,,0,
32,62,luxury,273886.8324656952,0.0,11767.461583927776,56933.83496806444,1.0,45.0,4504.0,,,529.0,2618956.408530964,2345069.576065269,1.6544999999999994,529.0,,,,,,,,,,,,0,
33,62,luxury,5228996.90846188,0.0,5101.390604792467,138333.04839772874,1.0,46.0,12427.0,,,529.0,6224987.177897793,995990.2694359128,1.7094999999999994,529.0,,,,,,,,,,,,0,
34,62,luxury,465157.5919903377,0.0,11587.486698586441,58665.991955113364,1.0,45.0,5563.0,,,529.0,2698635.6299352148,2233478.037944877,1.7444999999999993,529.0,,,,,,,,,,,,0,
35,62,luxury,5133790.194116315,0.0,5289.668538167349,136217.34363449394,1.0,46.0,12191.0,,,529.0,6129780.463552227,995990.2694359128,1.8094999999999992,529.0,,,,,,,,,,,,0,
